Installing PyTorch (cu124)...
Installing project dependencies...
============================================================
 Job ID   : 413679
 Node     : l3icalcul07
 Start    : 2026-06-23 18:43:47
 Python   : Python 3.10.19
 PyTorch  : 2.5.1+cu124
 CUDA     : True
 GPUs     : NVIDIA RTX A6000,NVIDIA RTX A6000,NVIDIA RTX A6000,NVIDIA RTX A6000
============================================================
Setting up scratch at: /tmp/abellach/413679
Copying data to local scratch...
data/ -> scratch (fast path)

Starting parallel benchmark on 4 GPUs...
2026-06-23 18:45:15
[GPU 0] Starting femnist
[GPU 1] Starting gtsrb
[GPU 3] Starting tiny_imagenet
[GPU 2] Starting cifar10
