14:09:53  INFO      benchmark — Matrix: 1 datasets × 6 attacks × 6 defenses × 10 seeds = 360 runs
14:09:53  INFO      benchmark — Status — complete: 0  partial/incomplete: 0  not started: 360
14:09:53  INFO      benchmark — Time budget: 98.0 h
14:09:53  INFO      benchmark — ▶  gtsrb_none_none_seed0
14:09:53  INFO      experiment.runner — Initialising 'gtsrb_none_none_seed0' | device=cuda | rounds=200 | clients=10/100 | attack=none | defense=none
14:10:02  INFO      experiment.utils — Built 100 clients — 0 malicious, 100 benign.
14:10:02  INFO      experiment.runner — Setup complete — 100 clients (0 malicious) | backdoor eval: none
14:10:26  INFO      experiment.runner — Round    1/200  |  acc:  12.94%  loss: 3.5562  |  mF1: 4.0%
14:13:53  INFO      experiment.runner — Round   11/200  |  acc:  56.67%  loss: 1.5224  |  mF1: 41.5%
14:17:32  INFO      experiment.runner — Round   21/200  |  acc:  73.52%  loss: 0.9013  |  mF1: 65.9%
14:21:15  INFO      experiment.runner — Round   31/200  |  acc:  81.01%  loss: 0.6546  |  mF1: 74.8%
14:24:57  INFO      experiment.runner — Round   41/200  |  acc:  85.44%  loss: 0.5330  |  mF1: 80.2%
14:28:41  INFO      experiment.runner — Round   51/200  |  acc:  88.07%  loss: 0.4721  |  mF1: 83.5%
14:32:24  INFO      experiment.runner — Round   61/200  |  acc:  88.69%  loss: 0.4456  |  mF1: 84.2%
14:36:17  INFO      experiment.runner — Round   71/200  |  acc:  89.97%  loss: 0.4083  |  mF1: 85.5%
14:39:59  INFO      experiment.runner — Round   81/200  |  acc:  90.50%  loss: 0.3826  |  mF1: 86.1%
14:43:39  INFO      experiment.runner — Round   91/200  |  acc:  91.17%  loss: 0.3640  |  mF1: 87.5%
14:47:20  INFO      experiment.runner — Round  101/200  |  acc:  91.35%  loss: 0.3554  |  mF1: 87.4%
14:51:01  INFO      experiment.runner — Round  111/200  |  acc:  91.46%  loss: 0.3573  |  mF1: 87.8%
14:54:49  INFO      experiment.runner — Round  121/200  |  acc:  91.73%  loss: 0.3409  |  mF1: 87.8%
14:58:30  INFO      experiment.runner — Round  131/200  |  acc:  92.10%  loss: 0.3361  |  mF1: 88.1%
15:02:10  INFO      experiment.runner — Round  141/200  |  acc:  92.16%  loss: 0.3291  |  mF1: 88.5%
15:05:50  INFO      experiment.runner — Round  151/200  |  acc:  92.57%  loss: 0.3164  |  mF1: 89.1%
15:09:27  INFO      experiment.runner — Round  161/200  |  acc:  92.56%  loss: 0.3200  |  mF1: 88.8%
15:13:02  INFO      experiment.runner — Round  171/200  |  acc:  92.46%  loss: 0.3324  |  mF1: 88.8%
15:16:44  INFO      experiment.runner — Round  181/200  |  acc:  92.72%  loss: 0.3180  |  mF1: 89.2%
15:20:26  INFO      experiment.runner — Round  191/200  |  acc:  92.79%  loss: 0.3123  |  mF1: 89.2%
15:23:48  INFO      experiment.runner — Round  200/200  |  acc:  92.66%  loss: 0.3199  |  mF1: 88.7%
15:23:48  INFO      experiment.runner — Final model saved to results/benchmark/gtsrb_none_none_seed0/final_model.pt
15:23:48  INFO      experiment.runner — Client atypicality written to results/benchmark/gtsrb_none_none_seed0/client_atypicality.json
15:23:48  INFO      experiment.runner — Client inclusion rates written to results/benchmark/gtsrb_none_none_seed0/client_inclusion.csv
15:23:48  INFO      benchmark — ✓  gtsrb_none_none_seed0  (73.9 min)
15:23:48  INFO      benchmark — ▶  gtsrb_none_none_seed1
15:23:48  INFO      experiment.runner — Initialising 'gtsrb_none_none_seed1' | device=cuda | rounds=200 | clients=10/100 | attack=none | defense=none
15:23:51  INFO      experiment.utils — Built 100 clients — 0 malicious, 100 benign.
15:23:51  INFO      experiment.runner — Setup complete — 100 clients (0 malicious) | backdoor eval: none

==============================================================
  Summary — 21 rounds evaluated
==============================================================
  Final clean accuracy               92.66%
  Best  clean accuracy               92.79%
  Final clean loss                   0.3199
  Macro F1                           88.68%
==============================================================

15:24:17  INFO      experiment.runner — Round    1/200  |  acc:  15.70%  loss: 3.5460  |  mF1: 5.4%
15:27:57  INFO      experiment.runner — Round   11/200  |  acc:  52.75%  loss: 1.5623  |  mF1: 37.2%
15:32:42  INFO      experiment.runner — Round   21/200  |  acc:  74.26%  loss: 0.8613  |  mF1: 66.5%
15:36:25  INFO      experiment.runner — Round   31/200  |  acc:  83.24%  loss: 0.5885  |  mF1: 76.5%
15:40:04  INFO      experiment.runner — Round   41/200  |  acc:  85.58%  loss: 0.5298  |  mF1: 80.1%
15:43:59  INFO      experiment.runner — Round   51/200  |  acc:  88.04%  loss: 0.4446  |  mF1: 83.6%
15:47:45  INFO      experiment.runner — Round   61/200  |  acc:  89.23%  loss: 0.4111  |  mF1: 85.6%
15:51:29  INFO      experiment.runner — Round   71/200  |  acc:  90.16%  loss: 0.3858  |  mF1: 86.1%
15:55:20  INFO      experiment.runner — Round   81/200  |  acc:  90.62%  loss: 0.3716  |  mF1: 87.0%
15:59:08  INFO      experiment.runner — Round   91/200  |  acc:  91.56%  loss: 0.3402  |  mF1: 87.9%
16:03:02  INFO      experiment.runner — Round  101/200  |  acc:  91.51%  loss: 0.3332  |  mF1: 88.3%
16:06:56  INFO      experiment.runner — Round  111/200  |  acc:  91.61%  loss: 0.3440  |  mF1: 87.4%
16:10:46  INFO      experiment.runner — Round  121/200  |  acc:  91.91%  loss: 0.3276  |  mF1: 88.2%
16:14:45  INFO      experiment.runner — Round  131/200  |  acc:  92.29%  loss: 0.3239  |  mF1: 88.6%
16:18:43  INFO      experiment.runner — Round  141/200  |  acc:  92.45%  loss: 0.3248  |  mF1: 88.8%
16:22:35  INFO      experiment.runner — Round  151/200  |  acc:  92.48%  loss: 0.3182  |  mF1: 88.8%
16:26:26  INFO      experiment.runner — Round  161/200  |  acc:  92.62%  loss: 0.3025  |  mF1: 89.3%
16:30:18  INFO      experiment.runner — Round  171/200  |  acc:  92.84%  loss: 0.3110  |  mF1: 89.2%
16:34:10  INFO      experiment.runner — Round  181/200  |  acc:  92.75%  loss: 0.3195  |  mF1: 88.9%
16:38:04  INFO      experiment.runner — Round  191/200  |  acc:  92.86%  loss: 0.3192  |  mF1: 88.8%
16:41:32  INFO      experiment.runner — Round  200/200  |  acc:  92.64%  loss: 0.3269  |  mF1: 88.9%
16:41:32  INFO      experiment.runner — Final model saved to results/benchmark/gtsrb_none_none_seed1/final_model.pt
16:41:32  INFO      experiment.runner — Client atypicality written to results/benchmark/gtsrb_none_none_seed1/client_atypicality.json
16:41:32  INFO      experiment.runner — Client inclusion rates written to results/benchmark/gtsrb_none_none_seed1/client_inclusion.csv
16:41:33  INFO      benchmark — ✓  gtsrb_none_none_seed1  (77.7 min)
16:41:33  INFO      benchmark — ▶  gtsrb_none_none_seed2
16:41:33  INFO      experiment.runner — Initialising 'gtsrb_none_none_seed2' | device=cuda | rounds=200 | clients=10/100 | attack=none | defense=none
16:41:35  INFO      experiment.utils — Built 100 clients — 0 malicious, 100 benign.
16:41:35  INFO      experiment.runner — Setup complete — 100 clients (0 malicious) | backdoor eval: none

==============================================================
  Summary — 21 rounds evaluated
==============================================================
  Final clean accuracy               92.64%
  Best  clean accuracy               92.86%
  Final clean loss                   0.3269
  Macro F1                           88.91%
==============================================================

16:42:04  INFO      experiment.runner — Round    1/200  |  acc:  13.75%  loss: 3.5162  |  mF1: 4.1%
16:45:59  INFO      experiment.runner — Round   11/200  |  acc:  60.86%  loss: 1.3978  |  mF1: 46.6%
16:49:59  INFO      experiment.runner — Round   21/200  |  acc:  76.67%  loss: 0.8203  |  mF1: 70.5%
16:54:00  INFO      experiment.runner — Round   31/200  |  acc:  82.95%  loss: 0.6283  |  mF1: 77.8%
16:58:09  INFO      experiment.runner — Round   41/200  |  acc:  86.79%  loss: 0.5112  |  mF1: 81.9%
17:02:08  INFO      experiment.runner — Round   51/200  |  acc:  89.03%  loss: 0.4451  |  mF1: 85.0%
17:06:07  INFO      experiment.runner — Round   61/200  |  acc:  90.08%  loss: 0.4231  |  mF1: 86.7%
17:10:11  INFO      experiment.runner — Round   71/200  |  acc:  90.73%  loss: 0.3750  |  mF1: 86.9%
17:14:13  INFO      experiment.runner — Round   81/200  |  acc:  91.34%  loss: 0.3607  |  mF1: 88.2%
17:18:15  INFO      experiment.runner — Round   91/200  |  acc:  91.24%  loss: 0.3488  |  mF1: 88.1%
17:22:19  INFO      experiment.runner — Round  101/200  |  acc:  91.78%  loss: 0.3433  |  mF1: 88.4%
17:26:24  INFO      experiment.runner — Round  111/200  |  acc:  92.45%  loss: 0.3198  |  mF1: 89.3%
17:27:19  WARNING   benchmark — SIGTERM received — will stop after the current run.
