14:09:53  INFO      benchmark — Matrix: 1 datasets × 6 attacks × 6 defenses × 10 seeds = 360 runs
14:09:53  INFO      benchmark — Status — complete: 0  partial/incomplete: 0  not started: 360
14:09:53  INFO      benchmark — Time budget: 98.0 h
14:09:53  INFO      benchmark — ▶  femnist_none_none_seed0
14:09:53  INFO      experiment.runner — Initialising 'femnist_none_none_seed0' | device=cuda | rounds=150 | clients=10/100 | attack=none | defense=none
14:10:09  INFO      experiment.utils — Built 100 clients — 0 malicious, 100 benign.
14:10:09  INFO      experiment.runner — Setup complete — 100 clients (0 malicious) | backdoor eval: none
14:11:08  INFO      experiment.runner — Round    1/150  |  acc:  58.54%  loss: 1.6362  |  mF1: 24.6%
14:15:57  INFO      experiment.runner — Round   11/150  |  acc:  81.70%  loss: 0.5534  |  mF1: 63.2%
14:20:40  INFO      experiment.runner — Round   21/150  |  acc:  83.57%  loss: 0.4769  |  mF1: 66.9%
14:25:32  INFO      experiment.runner — Round   31/150  |  acc:  84.27%  loss: 0.4482  |  mF1: 68.3%
14:30:24  INFO      experiment.runner — Round   41/150  |  acc:  84.73%  loss: 0.4324  |  mF1: 69.2%
14:35:08  INFO      experiment.runner — Round   51/150  |  acc:  84.96%  loss: 0.4214  |  mF1: 69.5%
14:39:56  INFO      experiment.runner — Round   61/150  |  acc:  85.24%  loss: 0.4129  |  mF1: 70.0%
14:44:41  INFO      experiment.runner — Round   71/150  |  acc:  85.32%  loss: 0.4082  |  mF1: 70.3%
14:49:28  INFO      experiment.runner — Round   81/150  |  acc:  85.45%  loss: 0.4027  |  mF1: 70.4%
14:54:14  INFO      experiment.runner — Round   91/150  |  acc:  85.57%  loss: 0.3986  |  mF1: 70.8%
14:58:59  INFO      experiment.runner — Round  101/150  |  acc:  85.65%  loss: 0.3946  |  mF1: 71.0%
15:03:43  INFO      experiment.runner — Round  111/150  |  acc:  85.84%  loss: 0.3902  |  mF1: 71.4%
15:08:26  INFO      experiment.runner — Round  121/150  |  acc:  85.87%  loss: 0.3892  |  mF1: 71.5%
15:13:16  INFO      experiment.runner — Round  131/150  |  acc:  85.93%  loss: 0.3871  |  mF1: 71.2%
15:18:04  INFO      experiment.runner — Round  141/150  |  acc:  85.96%  loss: 0.3848  |  mF1: 71.5%
15:22:24  INFO      experiment.runner — Round  150/150  |  acc:  86.01%  loss: 0.3833  |  mF1: 71.2%
15:22:24  INFO      experiment.runner — Final model saved to results/benchmark/femnist_none_none_seed0/final_model.pt
15:22:24  INFO      experiment.runner — Client atypicality written to results/benchmark/femnist_none_none_seed0/client_atypicality.json
15:22:24  INFO      experiment.runner — Client inclusion rates written to results/benchmark/femnist_none_none_seed0/client_inclusion.csv
15:22:24  INFO      benchmark — ✓  femnist_none_none_seed0  (72.5 min)
15:22:24  INFO      benchmark — ▶  femnist_none_none_seed1
15:22:24  INFO      experiment.runner — Initialising 'femnist_none_none_seed1' | device=cuda | rounds=150 | clients=10/100 | attack=none | defense=none
15:22:39  INFO      experiment.utils — Built 100 clients — 0 malicious, 100 benign.
15:22:39  INFO      experiment.runner — Setup complete — 100 clients (0 malicious) | backdoor eval: none

==============================================================
  Summary — 16 rounds evaluated
==============================================================
  Final clean accuracy               86.01%
  Best  clean accuracy               86.01%
  Final clean loss                   0.3833
  Macro F1                           71.21%
==============================================================

15:23:36  INFO      experiment.runner — Round    1/150  |  acc:  59.52%  loss: 1.5981  |  mF1: 26.2%
15:28:09  INFO      experiment.runner — Round   11/150  |  acc:  81.45%  loss: 0.5606  |  mF1: 62.7%
15:33:36  INFO      experiment.runner — Round   21/150  |  acc:  83.40%  loss: 0.4837  |  mF1: 66.4%
15:38:16  INFO      experiment.runner — Round   31/150  |  acc:  84.24%  loss: 0.4483  |  mF1: 68.0%
15:42:57  INFO      experiment.runner — Round   41/150  |  acc:  84.58%  loss: 0.4337  |  mF1: 68.5%
15:47:41  INFO      experiment.runner — Round   51/150  |  acc:  85.05%  loss: 0.4200  |  mF1: 69.4%
15:52:21  INFO      experiment.runner — Round   61/150  |  acc:  85.21%  loss: 0.4113  |  mF1: 69.8%
15:57:05  INFO      experiment.runner — Round   71/150  |  acc:  85.42%  loss: 0.4064  |  mF1: 70.6%
16:01:46  INFO      experiment.runner — Round   81/150  |  acc:  85.57%  loss: 0.4003  |  mF1: 70.4%
16:06:29  INFO      experiment.runner — Round   91/150  |  acc:  85.65%  loss: 0.3970  |  mF1: 71.0%
16:11:08  INFO      experiment.runner — Round  101/150  |  acc:  85.83%  loss: 0.3923  |  mF1: 71.4%
16:15:48  INFO      experiment.runner — Round  111/150  |  acc:  85.85%  loss: 0.3900  |  mF1: 71.2%
16:20:27  INFO      experiment.runner — Round  121/150  |  acc:  85.97%  loss: 0.3873  |  mF1: 71.3%
16:25:10  INFO      experiment.runner — Round  131/150  |  acc:  85.99%  loss: 0.3860  |  mF1: 71.6%
16:29:56  INFO      experiment.runner — Round  141/150  |  acc:  86.00%  loss: 0.3836  |  mF1: 71.4%
16:34:12  INFO      experiment.runner — Round  150/150  |  acc:  86.12%  loss: 0.3826  |  mF1: 71.9%
16:34:12  INFO      experiment.runner — Final model saved to results/benchmark/femnist_none_none_seed1/final_model.pt
16:34:12  INFO      experiment.runner — Client atypicality written to results/benchmark/femnist_none_none_seed1/client_atypicality.json
16:34:12  INFO      experiment.runner — Client inclusion rates written to results/benchmark/femnist_none_none_seed1/client_inclusion.csv
16:34:12  INFO      benchmark — ✓  femnist_none_none_seed1  (71.8 min)
16:34:12  INFO      benchmark — ▶  femnist_none_none_seed2
16:34:12  INFO      experiment.runner — Initialising 'femnist_none_none_seed2' | device=cuda | rounds=150 | clients=10/100 | attack=none | defense=none
16:34:24  INFO      experiment.utils — Built 100 clients — 0 malicious, 100 benign.
16:34:24  INFO      experiment.runner — Setup complete — 100 clients (0 malicious) | backdoor eval: none

==============================================================
  Summary — 16 rounds evaluated
==============================================================
  Final clean accuracy               86.12%
  Best  clean accuracy               86.12%
  Final clean loss                   0.3826
  Macro F1                           71.91%
==============================================================

16:35:22  INFO      experiment.runner — Round    1/150  |  acc:  60.04%  loss: 1.5847  |  mF1: 26.5%
16:40:06  INFO      experiment.runner — Round   11/150  |  acc:  81.89%  loss: 0.5447  |  mF1: 63.1%
16:44:48  INFO      experiment.runner — Round   21/150  |  acc:  83.82%  loss: 0.4675  |  mF1: 66.9%
16:49:29  INFO      experiment.runner — Round   31/150  |  acc:  84.54%  loss: 0.4387  |  mF1: 68.4%
16:54:12  INFO      experiment.runner — Round   41/150  |  acc:  85.02%  loss: 0.4238  |  mF1: 69.8%
16:58:52  INFO      experiment.runner — Round   51/150  |  acc:  85.18%  loss: 0.4142  |  mF1: 70.0%
17:03:37  INFO      experiment.runner — Round   61/150  |  acc:  85.40%  loss: 0.4059  |  mF1: 70.6%
17:08:18  INFO      experiment.runner — Round   71/150  |  acc:  85.53%  loss: 0.4008  |  mF1: 70.5%
17:13:01  INFO      experiment.runner — Round   81/150  |  acc:  85.59%  loss: 0.3973  |  mF1: 70.9%
17:17:43  INFO      experiment.runner — Round   91/150  |  acc:  85.68%  loss: 0.3937  |  mF1: 71.1%
17:22:31  INFO      experiment.runner — Round  101/150  |  acc:  85.79%  loss: 0.3895  |  mF1: 71.2%
17:27:18  INFO      experiment.runner — Round  111/150  |  acc:  85.90%  loss: 0.3865  |  mF1: 71.5%
17:27:19  WARNING   benchmark — SIGTERM received — will stop after the current run.
