11:02:19  INFO      benchmark — Matrix: 1 datasets × 4 attacks × 4 defenses × 10 seeds = 160 runs
11:02:19  INFO      benchmark — Status — complete: 121  partial/incomplete: 1  not started: 38
11:02:19  INFO      benchmark — Time budget: 98.0 h
11:02:19  INFO      benchmark — ▶  femnist_chameleon_deepsight_seed1
11:02:19  INFO      experiment.runner — Initialising 'femnist_chameleon_deepsight_seed1' | device=cuda | rounds=150 | clients=10/100 | attack=chameleon | defense=deepsight
11:02:36  ERROR     benchmark — ✗  femnist_chameleon_deepsight_seed1 — [Errno 2] No such file or directory: 'data/EMNIST'
Traceback (most recent call last):
  File "/Utilisateurs/abellach/TopoBD/experiments/benchmark/run_benchmark.py", line 143, in run_one
    FLRunner(config).run()
  File "/Utilisateurs/abellach/TopoBD/experiment/runner.py", line 74, in __init__
    self.adapter = build_adapter(config)
  File "/Utilisateurs/abellach/TopoBD/experiment/utils.py", line 99, in build_adapter
    adapter.setup()
  File "/Utilisateurs/abellach/TopoBD/datasets/adapter.py", line 116, in setup
    self.load_datasets()
  File "/Utilisateurs/abellach/TopoBD/datasets/femnist.py", line 40, in load_datasets
    setattr(self, attr_full, EMNIST(
  File "/Utilisateurs/abellach/.conda/envs/toposentinel/lib/python3.10/site-packages/torchvision/datasets/mnist.py", line 298, in __init__
    super().__init__(root, **kwargs)
  File "/Utilisateurs/abellach/.conda/envs/toposentinel/lib/python3.10/site-packages/torchvision/datasets/mnist.py", line 100, in __init__
    self.download()
  File "/Utilisateurs/abellach/.conda/envs/toposentinel/lib/python3.10/site-packages/torchvision/datasets/mnist.py", line 333, in download
    os.makedirs(self.raw_folder, exist_ok=True)
  File "/Utilisateurs/abellach/.conda/envs/toposentinel/lib/python3.10/os.py", line 215, in makedirs
    makedirs(head, exist_ok=exist_ok)
  File "/Utilisateurs/abellach/.conda/envs/toposentinel/lib/python3.10/os.py", line 225, in makedirs
    mkdir(name, mode)
FileNotFoundError: [Errno 2] No such file or directory: 'data/EMNIST'
11:02:36  INFO      benchmark — ▶  femnist_chameleon_deepsight_seed2
11:02:36  INFO      experiment.runner — Initialising 'femnist_chameleon_deepsight_seed2' | device=cuda | rounds=150 | clients=10/100 | attack=chameleon | defense=deepsight
11:02:36  ERROR     benchmark — ✗  femnist_chameleon_deepsight_seed2 — [Errno 2] No such file or directory: 'data/EMNIST'
Traceback (most recent call last):
  File "/Utilisateurs/abellach/TopoBD/experiments/benchmark/run_benchmark.py", line 143, in run_one
    FLRunner(config).run()
  File "/Utilisateurs/abellach/TopoBD/experiment/runner.py", line 74, in __init__
    self.adapter = build_adapter(config)
  File "/Utilisateurs/abellach/TopoBD/experiment/utils.py", line 99, in build_adapter
    adapter.setup()
  File "/Utilisateurs/abellach/TopoBD/datasets/adapter.py", line 116, in setup
    self.load_datasets()
  File "/Utilisateurs/abellach/TopoBD/datasets/femnist.py", line 40, in load_datasets
    setattr(self, attr_full, EMNIST(
  File "/Utilisateurs/abellach/.conda/envs/toposentinel/lib/python3.10/site-packages/torchvision/datasets/mnist.py", line 298, in __init__
    super().__init__(root, **kwargs)
  File "/Utilisateurs/abellach/.conda/envs/toposentinel/lib/python3.10/site-packages/torchvision/datasets/mnist.py", line 100, in __init__
    self.download()
  File "/Utilisateurs/abellach/.conda/envs/toposentinel/lib/python3.10/site-packages/torchvision/datasets/mnist.py", line 333, in download
    os.makedirs(self.raw_folder, exist_ok=True)
  File "/Utilisateurs/abellach/.conda/envs/toposentinel/lib/python3.10/os.py", line 215, in makedirs
    makedirs(head, exist_ok=exist_ok)
  File "/Utilisateurs/abellach/.conda/envs/toposentinel/lib/python3.10/os.py", line 225, in makedirs
    mkdir(name, mode)
FileNotFoundError: [Errno 2] No such file or directory: 'data/EMNIST'
11:02:36  INFO      benchmark — ▶  femnist_chameleon_deepsight_seed3
11:02:36  INFO      experiment.runner — Initialising 'femnist_chameleon_deepsight_seed3' | device=cuda | rounds=150 | clients=10/100 | attack=chameleon | defense=deepsight
11:02:36  ERROR     benchmark — ✗  femnist_chameleon_deepsight_seed3 — [Errno 2] No such file or directory: 'data/EMNIST'
Traceback (most recent call last):
  File "/Utilisateurs/abellach/TopoBD/experiments/benchmark/run_benchmark.py", line 143, in run_one
    FLRunner(config).run()
  File "/Utilisateurs/abellach/TopoBD/experiment/runner.py", line 74, in __init__
    self.adapter = build_adapter(config)
  File "/Utilisateurs/abellach/TopoBD/experiment/utils.py", line 99, in build_adapter
    adapter.setup()
  File "/Utilisateurs/abellach/TopoBD/datasets/adapter.py", line 116, in setup
    self.load_datasets()
  File "/Utilisateurs/abellach/TopoBD/datasets/femnist.py", line 40, in load_datasets
    setattr(self, attr_full, EMNIST(
  File "/Utilisateurs/abellach/.conda/envs/toposentinel/lib/python3.10/site-packages/torchvision/datasets/mnist.py", line 298, in __init__
    super().__init__(root, **kwargs)
  File "/Utilisateurs/abellach/.conda/envs/toposentinel/lib/python3.10/site-packages/torchvision/datasets/mnist.py", line 100, in __init__
    self.download()
  File "/Utilisateurs/abellach/.conda/envs/toposentinel/lib/python3.10/site-packages/torchvision/datasets/mnist.py", line 333, in download
    os.makedirs(self.raw_folder, exist_ok=True)
  File "/Utilisateurs/abellach/.conda/envs/toposentinel/lib/python3.10/os.py", line 215, in makedirs
    makedirs(head, exist_ok=exist_ok)
  File "/Utilisateurs/abellach/.conda/envs/toposentinel/lib/python3.10/os.py", line 225, in makedirs
    mkdir(name, mode)
FileNotFoundError: [Errno 2] No such file or directory: 'data/EMNIST'
11:02:36  INFO      benchmark — ▶  femnist_chameleon_deepsight_seed4
11:02:36  INFO      experiment.runner — Initialising 'femnist_chameleon_deepsight_seed4' | device=cuda | rounds=150 | clients=10/100 | attack=chameleon | defense=deepsight
11:02:36  ERROR     benchmark — ✗  femnist_chameleon_deepsight_seed4 — [Errno 2] No such file or directory: 'data/EMNIST'
Traceback (most recent call last):
  File "/Utilisateurs/abellach/TopoBD/experiments/benchmark/run_benchmark.py", line 143, in run_one
    FLRunner(config).run()
  File "/Utilisateurs/abellach/TopoBD/experiment/runner.py", line 74, in __init__
    self.adapter = build_adapter(config)
  File "/Utilisateurs/abellach/TopoBD/experiment/utils.py", line 99, in build_adapter
    adapter.setup()
  File "/Utilisateurs/abellach/TopoBD/datasets/adapter.py", line 116, in setup
    self.load_datasets()
  File "/Utilisateurs/abellach/TopoBD/datasets/femnist.py", line 40, in load_datasets
    setattr(self, attr_full, EMNIST(
  File "/Utilisateurs/abellach/.conda/envs/toposentinel/lib/python3.10/site-packages/torchvision/datasets/mnist.py", line 298, in __init__
    super().__init__(root, **kwargs)
  File "/Utilisateurs/abellach/.conda/envs/toposentinel/lib/python3.10/site-packages/torchvision/datasets/mnist.py", line 100, in __init__
    self.download()
  File "/Utilisateurs/abellach/.conda/envs/toposentinel/lib/python3.10/site-packages/torchvision/datasets/mnist.py", line 333, in download
    os.makedirs(self.raw_folder, exist_ok=True)
  File "/Utilisateurs/abellach/.conda/envs/toposentinel/lib/python3.10/os.py", line 215, in makedirs
    makedirs(head, exist_ok=exist_ok)
  File "/Utilisateurs/abellach/.conda/envs/toposentinel/lib/python3.10/os.py", line 225, in makedirs
    mkdir(name, mode)
FileNotFoundError: [Errno 2] No such file or directory: 'data/EMNIST'
11:02:36  INFO      benchmark — ▶  femnist_chameleon_deepsight_seed5
11:02:36  INFO      experiment.runner — Initialising 'femnist_chameleon_deepsight_seed5' | device=cuda | rounds=150 | clients=10/100 | attack=chameleon | defense=deepsight
11:02:36  ERROR     benchmark — ✗  femnist_chameleon_deepsight_seed5 — [Errno 2] No such file or directory: 'data/EMNIST'
Traceback (most recent call last):
  File "/Utilisateurs/abellach/TopoBD/experiments/benchmark/run_benchmark.py", line 143, in run_one
    FLRunner(config).run()
  File "/Utilisateurs/abellach/TopoBD/experiment/runner.py", line 74, in __init__
    self.adapter = build_adapter(config)
  File "/Utilisateurs/abellach/TopoBD/experiment/utils.py", line 99, in build_adapter
    adapter.setup()
  File "/Utilisateurs/abellach/TopoBD/datasets/adapter.py", line 116, in setup
    self.load_datasets()
  File "/Utilisateurs/abellach/TopoBD/datasets/femnist.py", line 40, in load_datasets
    setattr(self, attr_full, EMNIST(
  File "/Utilisateurs/abellach/.conda/envs/toposentinel/lib/python3.10/site-packages/torchvision/datasets/mnist.py", line 298, in __init__
    super().__init__(root, **kwargs)
  File "/Utilisateurs/abellach/.conda/envs/toposentinel/lib/python3.10/site-packages/torchvision/datasets/mnist.py", line 100, in __init__
    self.download()
  File "/Utilisateurs/abellach/.conda/envs/toposentinel/lib/python3.10/site-packages/torchvision/datasets/mnist.py", line 333, in download
    os.makedirs(self.raw_folder, exist_ok=True)
  File "/Utilisateurs/abellach/.conda/envs/toposentinel/lib/python3.10/os.py", line 215, in makedirs
    makedirs(head, exist_ok=exist_ok)
  File "/Utilisateurs/abellach/.conda/envs/toposentinel/lib/python3.10/os.py", line 225, in makedirs
    mkdir(name, mode)
FileNotFoundError: [Errno 2] No such file or directory: 'data/EMNIST'
11:02:36  INFO      benchmark — ▶  femnist_chameleon_deepsight_seed6
11:02:36  INFO      experiment.runner — Initialising 'femnist_chameleon_deepsight_seed6' | device=cuda | rounds=150 | clients=10/100 | attack=chameleon | defense=deepsight
11:02:36  ERROR     benchmark — ✗  femnist_chameleon_deepsight_seed6 — [Errno 2] No such file or directory: 'data/EMNIST'
Traceback (most recent call last):
  File "/Utilisateurs/abellach/TopoBD/experiments/benchmark/run_benchmark.py", line 143, in run_one
    FLRunner(config).run()
  File "/Utilisateurs/abellach/TopoBD/experiment/runner.py", line 74, in __init__
    self.adapter = build_adapter(config)
  File "/Utilisateurs/abellach/TopoBD/experiment/utils.py", line 99, in build_adapter
    adapter.setup()
  File "/Utilisateurs/abellach/TopoBD/datasets/adapter.py", line 116, in setup
    self.load_datasets()
  File "/Utilisateurs/abellach/TopoBD/datasets/femnist.py", line 40, in load_datasets
    setattr(self, attr_full, EMNIST(
  File "/Utilisateurs/abellach/.conda/envs/toposentinel/lib/python3.10/site-packages/torchvision/datasets/mnist.py", line 298, in __init__
    super().__init__(root, **kwargs)
  File "/Utilisateurs/abellach/.conda/envs/toposentinel/lib/python3.10/site-packages/torchvision/datasets/mnist.py", line 100, in __init__
    self.download()
  File "/Utilisateurs/abellach/.conda/envs/toposentinel/lib/python3.10/site-packages/torchvision/datasets/mnist.py", line 333, in download
    os.makedirs(self.raw_folder, exist_ok=True)
  File "/Utilisateurs/abellach/.conda/envs/toposentinel/lib/python3.10/os.py", line 215, in makedirs
    makedirs(head, exist_ok=exist_ok)
  File "/Utilisateurs/abellach/.conda/envs/toposentinel/lib/python3.10/os.py", line 225, in makedirs
    mkdir(name, mode)
FileNotFoundError: [Errno 2] No such file or directory: 'data/EMNIST'
11:02:36  INFO      benchmark — ▶  femnist_chameleon_deepsight_seed7
11:02:36  INFO      experiment.runner — Initialising 'femnist_chameleon_deepsight_seed7' | device=cuda | rounds=150 | clients=10/100 | attack=chameleon | defense=deepsight
11:02:36  ERROR     benchmark — ✗  femnist_chameleon_deepsight_seed7 — [Errno 2] No such file or directory: 'data/EMNIST'
Traceback (most recent call last):
  File "/Utilisateurs/abellach/TopoBD/experiments/benchmark/run_benchmark.py", line 143, in run_one
    FLRunner(config).run()
  File "/Utilisateurs/abellach/TopoBD/experiment/runner.py", line 74, in __init__
    self.adapter = build_adapter(config)
  File "/Utilisateurs/abellach/TopoBD/experiment/utils.py", line 99, in build_adapter
    adapter.setup()
  File "/Utilisateurs/abellach/TopoBD/datasets/adapter.py", line 116, in setup
    self.load_datasets()
  File "/Utilisateurs/abellach/TopoBD/datasets/femnist.py", line 40, in load_datasets
    setattr(self, attr_full, EMNIST(
  File "/Utilisateurs/abellach/.conda/envs/toposentinel/lib/python3.10/site-packages/torchvision/datasets/mnist.py", line 298, in __init__
    super().__init__(root, **kwargs)
  File "/Utilisateurs/abellach/.conda/envs/toposentinel/lib/python3.10/site-packages/torchvision/datasets/mnist.py", line 100, in __init__
    self.download()
  File "/Utilisateurs/abellach/.conda/envs/toposentinel/lib/python3.10/site-packages/torchvision/datasets/mnist.py", line 333, in download
    os.makedirs(self.raw_folder, exist_ok=True)
  File "/Utilisateurs/abellach/.conda/envs/toposentinel/lib/python3.10/os.py", line 215, in makedirs
    makedirs(head, exist_ok=exist_ok)
  File "/Utilisateurs/abellach/.conda/envs/toposentinel/lib/python3.10/os.py", line 225, in makedirs
    mkdir(name, mode)
FileNotFoundError: [Errno 2] No such file or directory: 'data/EMNIST'
11:02:36  INFO      benchmark — ▶  femnist_chameleon_deepsight_seed8
11:02:36  INFO      experiment.runner — Initialising 'femnist_chameleon_deepsight_seed8' | device=cuda | rounds=150 | clients=10/100 | attack=chameleon | defense=deepsight
11:02:36  ERROR     benchmark — ✗  femnist_chameleon_deepsight_seed8 — [Errno 2] No such file or directory: 'data/EMNIST'
Traceback (most recent call last):
  File "/Utilisateurs/abellach/TopoBD/experiments/benchmark/run_benchmark.py", line 143, in run_one
    FLRunner(config).run()
  File "/Utilisateurs/abellach/TopoBD/experiment/runner.py", line 74, in __init__
    self.adapter = build_adapter(config)
  File "/Utilisateurs/abellach/TopoBD/experiment/utils.py", line 99, in build_adapter
    adapter.setup()
  File "/Utilisateurs/abellach/TopoBD/datasets/adapter.py", line 116, in setup
    self.load_datasets()
  File "/Utilisateurs/abellach/TopoBD/datasets/femnist.py", line 40, in load_datasets
    setattr(self, attr_full, EMNIST(
  File "/Utilisateurs/abellach/.conda/envs/toposentinel/lib/python3.10/site-packages/torchvision/datasets/mnist.py", line 298, in __init__
    super().__init__(root, **kwargs)
  File "/Utilisateurs/abellach/.conda/envs/toposentinel/lib/python3.10/site-packages/torchvision/datasets/mnist.py", line 100, in __init__
    self.download()
  File "/Utilisateurs/abellach/.conda/envs/toposentinel/lib/python3.10/site-packages/torchvision/datasets/mnist.py", line 333, in download
    os.makedirs(self.raw_folder, exist_ok=True)
  File "/Utilisateurs/abellach/.conda/envs/toposentinel/lib/python3.10/os.py", line 215, in makedirs
    makedirs(head, exist_ok=exist_ok)
  File "/Utilisateurs/abellach/.conda/envs/toposentinel/lib/python3.10/os.py", line 225, in makedirs
    mkdir(name, mode)
FileNotFoundError: [Errno 2] No such file or directory: 'data/EMNIST'
11:02:36  INFO      benchmark — ▶  femnist_chameleon_deepsight_seed9
11:02:36  INFO      experiment.runner — Initialising 'femnist_chameleon_deepsight_seed9' | device=cuda | rounds=150 | clients=10/100 | attack=chameleon | defense=deepsight
11:02:36  ERROR     benchmark — ✗  femnist_chameleon_deepsight_seed9 — [Errno 2] No such file or directory: 'data/EMNIST'
Traceback (most recent call last):
  File "/Utilisateurs/abellach/TopoBD/experiments/benchmark/run_benchmark.py", line 143, in run_one
    FLRunner(config).run()
  File "/Utilisateurs/abellach/TopoBD/experiment/runner.py", line 74, in __init__
    self.adapter = build_adapter(config)
  File "/Utilisateurs/abellach/TopoBD/experiment/utils.py", line 99, in build_adapter
    adapter.setup()
  File "/Utilisateurs/abellach/TopoBD/datasets/adapter.py", line 116, in setup
    self.load_datasets()
  File "/Utilisateurs/abellach/TopoBD/datasets/femnist.py", line 40, in load_datasets
    setattr(self, attr_full, EMNIST(
  File "/Utilisateurs/abellach/.conda/envs/toposentinel/lib/python3.10/site-packages/torchvision/datasets/mnist.py", line 298, in __init__
    super().__init__(root, **kwargs)
  File "/Utilisateurs/abellach/.conda/envs/toposentinel/lib/python3.10/site-packages/torchvision/datasets/mnist.py", line 100, in __init__
    self.download()
  File "/Utilisateurs/abellach/.conda/envs/toposentinel/lib/python3.10/site-packages/torchvision/datasets/mnist.py", line 333, in download
    os.makedirs(self.raw_folder, exist_ok=True)
  File "/Utilisateurs/abellach/.conda/envs/toposentinel/lib/python3.10/os.py", line 215, in makedirs
    makedirs(head, exist_ok=exist_ok)
  File "/Utilisateurs/abellach/.conda/envs/toposentinel/lib/python3.10/os.py", line 225, in makedirs
    mkdir(name, mode)
FileNotFoundError: [Errno 2] No such file or directory: 'data/EMNIST'
11:02:36  INFO      benchmark — ▶  femnist_chameleon_flame_seed0
11:02:36  INFO      experiment.runner — Initialising 'femnist_chameleon_flame_seed0' | device=cuda | rounds=150 | clients=10/100 | attack=chameleon | defense=flame
11:02:36  ERROR     benchmark — ✗  femnist_chameleon_flame_seed0 — [Errno 2] No such file or directory: 'data/EMNIST'
Traceback (most recent call last):
  File "/Utilisateurs/abellach/TopoBD/experiments/benchmark/run_benchmark.py", line 143, in run_one
    FLRunner(config).run()
  File "/Utilisateurs/abellach/TopoBD/experiment/runner.py", line 74, in __init__
    self.adapter = build_adapter(config)
  File "/Utilisateurs/abellach/TopoBD/experiment/utils.py", line 99, in build_adapter
    adapter.setup()
  File "/Utilisateurs/abellach/TopoBD/datasets/adapter.py", line 116, in setup
    self.load_datasets()
  File "/Utilisateurs/abellach/TopoBD/datasets/femnist.py", line 40, in load_datasets
    setattr(self, attr_full, EMNIST(
  File "/Utilisateurs/abellach/.conda/envs/toposentinel/lib/python3.10/site-packages/torchvision/datasets/mnist.py", line 298, in __init__
    super().__init__(root, **kwargs)
  File "/Utilisateurs/abellach/.conda/envs/toposentinel/lib/python3.10/site-packages/torchvision/datasets/mnist.py", line 100, in __init__
    self.download()
  File "/Utilisateurs/abellach/.conda/envs/toposentinel/lib/python3.10/site-packages/torchvision/datasets/mnist.py", line 333, in download
    os.makedirs(self.raw_folder, exist_ok=True)
  File "/Utilisateurs/abellach/.conda/envs/toposentinel/lib/python3.10/os.py", line 215, in makedirs
    makedirs(head, exist_ok=exist_ok)
  File "/Utilisateurs/abellach/.conda/envs/toposentinel/lib/python3.10/os.py", line 225, in makedirs
    mkdir(name, mode)
FileNotFoundError: [Errno 2] No such file or directory: 'data/EMNIST'
11:02:36  INFO      benchmark — ▶  femnist_chameleon_flame_seed1
11:02:36  INFO      experiment.runner — Initialising 'femnist_chameleon_flame_seed1' | device=cuda | rounds=150 | clients=10/100 | attack=chameleon | defense=flame
11:02:36  ERROR     benchmark — ✗  femnist_chameleon_flame_seed1 — [Errno 2] No such file or directory: 'data/EMNIST'
Traceback (most recent call last):
  File "/Utilisateurs/abellach/TopoBD/experiments/benchmark/run_benchmark.py", line 143, in run_one
    FLRunner(config).run()
  File "/Utilisateurs/abellach/TopoBD/experiment/runner.py", line 74, in __init__
    self.adapter = build_adapter(config)
  File "/Utilisateurs/abellach/TopoBD/experiment/utils.py", line 99, in build_adapter
    adapter.setup()
  File "/Utilisateurs/abellach/TopoBD/datasets/adapter.py", line 116, in setup
    self.load_datasets()
  File "/Utilisateurs/abellach/TopoBD/datasets/femnist.py", line 40, in load_datasets
    setattr(self, attr_full, EMNIST(
  File "/Utilisateurs/abellach/.conda/envs/toposentinel/lib/python3.10/site-packages/torchvision/datasets/mnist.py", line 298, in __init__
    super().__init__(root, **kwargs)
  File "/Utilisateurs/abellach/.conda/envs/toposentinel/lib/python3.10/site-packages/torchvision/datasets/mnist.py", line 100, in __init__
    self.download()
  File "/Utilisateurs/abellach/.conda/envs/toposentinel/lib/python3.10/site-packages/torchvision/datasets/mnist.py", line 333, in download
    os.makedirs(self.raw_folder, exist_ok=True)
  File "/Utilisateurs/abellach/.conda/envs/toposentinel/lib/python3.10/os.py", line 215, in makedirs
    makedirs(head, exist_ok=exist_ok)
  File "/Utilisateurs/abellach/.conda/envs/toposentinel/lib/python3.10/os.py", line 225, in makedirs
    mkdir(name, mode)
FileNotFoundError: [Errno 2] No such file or directory: 'data/EMNIST'
11:02:36  INFO      benchmark — ▶  femnist_chameleon_flame_seed2
11:02:36  INFO      experiment.runner — Initialising 'femnist_chameleon_flame_seed2' | device=cuda | rounds=150 | clients=10/100 | attack=chameleon | defense=flame
11:02:36  ERROR     benchmark — ✗  femnist_chameleon_flame_seed2 — [Errno 2] No such file or directory: 'data/EMNIST'
Traceback (most recent call last):
  File "/Utilisateurs/abellach/TopoBD/experiments/benchmark/run_benchmark.py", line 143, in run_one
    FLRunner(config).run()
  File "/Utilisateurs/abellach/TopoBD/experiment/runner.py", line 74, in __init__
    self.adapter = build_adapter(config)
  File "/Utilisateurs/abellach/TopoBD/experiment/utils.py", line 99, in build_adapter
    adapter.setup()
  File "/Utilisateurs/abellach/TopoBD/datasets/adapter.py", line 116, in setup
    self.load_datasets()
  File "/Utilisateurs/abellach/TopoBD/datasets/femnist.py", line 40, in load_datasets
    setattr(self, attr_full, EMNIST(
  File "/Utilisateurs/abellach/.conda/envs/toposentinel/lib/python3.10/site-packages/torchvision/datasets/mnist.py", line 298, in __init__
    super().__init__(root, **kwargs)
  File "/Utilisateurs/abellach/.conda/envs/toposentinel/lib/python3.10/site-packages/torchvision/datasets/mnist.py", line 100, in __init__
    self.download()
  File "/Utilisateurs/abellach/.conda/envs/toposentinel/lib/python3.10/site-packages/torchvision/datasets/mnist.py", line 333, in download
    os.makedirs(self.raw_folder, exist_ok=True)
  File "/Utilisateurs/abellach/.conda/envs/toposentinel/lib/python3.10/os.py", line 215, in makedirs
    makedirs(head, exist_ok=exist_ok)
  File "/Utilisateurs/abellach/.conda/envs/toposentinel/lib/python3.10/os.py", line 225, in makedirs
    mkdir(name, mode)
FileNotFoundError: [Errno 2] No such file or directory: 'data/EMNIST'
11:02:36  INFO      benchmark — ▶  femnist_chameleon_flame_seed3
11:02:36  INFO      experiment.runner — Initialising 'femnist_chameleon_flame_seed3' | device=cuda | rounds=150 | clients=10/100 | attack=chameleon | defense=flame
11:02:36  ERROR     benchmark — ✗  femnist_chameleon_flame_seed3 — [Errno 2] No such file or directory: 'data/EMNIST'
Traceback (most recent call last):
  File "/Utilisateurs/abellach/TopoBD/experiments/benchmark/run_benchmark.py", line 143, in run_one
    FLRunner(config).run()
  File "/Utilisateurs/abellach/TopoBD/experiment/runner.py", line 74, in __init__
    self.adapter = build_adapter(config)
  File "/Utilisateurs/abellach/TopoBD/experiment/utils.py", line 99, in build_adapter
    adapter.setup()
  File "/Utilisateurs/abellach/TopoBD/datasets/adapter.py", line 116, in setup
    self.load_datasets()
  File "/Utilisateurs/abellach/TopoBD/datasets/femnist.py", line 40, in load_datasets
    setattr(self, attr_full, EMNIST(
  File "/Utilisateurs/abellach/.conda/envs/toposentinel/lib/python3.10/site-packages/torchvision/datasets/mnist.py", line 298, in __init__
    super().__init__(root, **kwargs)
  File "/Utilisateurs/abellach/.conda/envs/toposentinel/lib/python3.10/site-packages/torchvision/datasets/mnist.py", line 100, in __init__
    self.download()
  File "/Utilisateurs/abellach/.conda/envs/toposentinel/lib/python3.10/site-packages/torchvision/datasets/mnist.py", line 333, in download
    os.makedirs(self.raw_folder, exist_ok=True)
  File "/Utilisateurs/abellach/.conda/envs/toposentinel/lib/python3.10/os.py", line 215, in makedirs
    makedirs(head, exist_ok=exist_ok)
  File "/Utilisateurs/abellach/.conda/envs/toposentinel/lib/python3.10/os.py", line 225, in makedirs
    mkdir(name, mode)
FileNotFoundError: [Errno 2] No such file or directory: 'data/EMNIST'
11:02:36  INFO      benchmark — ▶  femnist_chameleon_flame_seed4
11:02:36  INFO      experiment.runner — Initialising 'femnist_chameleon_flame_seed4' | device=cuda | rounds=150 | clients=10/100 | attack=chameleon | defense=flame
11:02:36  ERROR     benchmark — ✗  femnist_chameleon_flame_seed4 — [Errno 2] No such file or directory: 'data/EMNIST'
Traceback (most recent call last):
  File "/Utilisateurs/abellach/TopoBD/experiments/benchmark/run_benchmark.py", line 143, in run_one
    FLRunner(config).run()
  File "/Utilisateurs/abellach/TopoBD/experiment/runner.py", line 74, in __init__
    self.adapter = build_adapter(config)
  File "/Utilisateurs/abellach/TopoBD/experiment/utils.py", line 99, in build_adapter
    adapter.setup()
  File "/Utilisateurs/abellach/TopoBD/datasets/adapter.py", line 116, in setup
    self.load_datasets()
  File "/Utilisateurs/abellach/TopoBD/datasets/femnist.py", line 40, in load_datasets
    setattr(self, attr_full, EMNIST(
  File "/Utilisateurs/abellach/.conda/envs/toposentinel/lib/python3.10/site-packages/torchvision/datasets/mnist.py", line 298, in __init__
    super().__init__(root, **kwargs)
  File "/Utilisateurs/abellach/.conda/envs/toposentinel/lib/python3.10/site-packages/torchvision/datasets/mnist.py", line 100, in __init__
    self.download()
  File "/Utilisateurs/abellach/.conda/envs/toposentinel/lib/python3.10/site-packages/torchvision/datasets/mnist.py", line 333, in download
    os.makedirs(self.raw_folder, exist_ok=True)
  File "/Utilisateurs/abellach/.conda/envs/toposentinel/lib/python3.10/os.py", line 215, in makedirs
    makedirs(head, exist_ok=exist_ok)
  File "/Utilisateurs/abellach/.conda/envs/toposentinel/lib/python3.10/os.py", line 225, in makedirs
    mkdir(name, mode)
FileNotFoundError: [Errno 2] No such file or directory: 'data/EMNIST'
11:02:36  INFO      benchmark — ▶  femnist_chameleon_flame_seed5
11:02:36  INFO      experiment.runner — Initialising 'femnist_chameleon_flame_seed5' | device=cuda | rounds=150 | clients=10/100 | attack=chameleon | defense=flame
11:02:36  ERROR     benchmark — ✗  femnist_chameleon_flame_seed5 — [Errno 2] No such file or directory: 'data/EMNIST'
Traceback (most recent call last):
  File "/Utilisateurs/abellach/TopoBD/experiments/benchmark/run_benchmark.py", line 143, in run_one
    FLRunner(config).run()
  File "/Utilisateurs/abellach/TopoBD/experiment/runner.py", line 74, in __init__
    self.adapter = build_adapter(config)
  File "/Utilisateurs/abellach/TopoBD/experiment/utils.py", line 99, in build_adapter
    adapter.setup()
  File "/Utilisateurs/abellach/TopoBD/datasets/adapter.py", line 116, in setup
    self.load_datasets()
  File "/Utilisateurs/abellach/TopoBD/datasets/femnist.py", line 40, in load_datasets
    setattr(self, attr_full, EMNIST(
  File "/Utilisateurs/abellach/.conda/envs/toposentinel/lib/python3.10/site-packages/torchvision/datasets/mnist.py", line 298, in __init__
    super().__init__(root, **kwargs)
  File "/Utilisateurs/abellach/.conda/envs/toposentinel/lib/python3.10/site-packages/torchvision/datasets/mnist.py", line 100, in __init__
    self.download()
  File "/Utilisateurs/abellach/.conda/envs/toposentinel/lib/python3.10/site-packages/torchvision/datasets/mnist.py", line 333, in download
    os.makedirs(self.raw_folder, exist_ok=True)
  File "/Utilisateurs/abellach/.conda/envs/toposentinel/lib/python3.10/os.py", line 215, in makedirs
    makedirs(head, exist_ok=exist_ok)
  File "/Utilisateurs/abellach/.conda/envs/toposentinel/lib/python3.10/os.py", line 225, in makedirs
    mkdir(name, mode)
FileNotFoundError: [Errno 2] No such file or directory: 'data/EMNIST'
11:02:36  INFO      benchmark — ▶  femnist_chameleon_flame_seed6
11:02:36  INFO      experiment.runner — Initialising 'femnist_chameleon_flame_seed6' | device=cuda | rounds=150 | clients=10/100 | attack=chameleon | defense=flame
11:02:36  ERROR     benchmark — ✗  femnist_chameleon_flame_seed6 — [Errno 2] No such file or directory: 'data/EMNIST'
Traceback (most recent call last):
  File "/Utilisateurs/abellach/TopoBD/experiments/benchmark/run_benchmark.py", line 143, in run_one
    FLRunner(config).run()
  File "/Utilisateurs/abellach/TopoBD/experiment/runner.py", line 74, in __init__
    self.adapter = build_adapter(config)
  File "/Utilisateurs/abellach/TopoBD/experiment/utils.py", line 99, in build_adapter
    adapter.setup()
  File "/Utilisateurs/abellach/TopoBD/datasets/adapter.py", line 116, in setup
    self.load_datasets()
  File "/Utilisateurs/abellach/TopoBD/datasets/femnist.py", line 40, in load_datasets
    setattr(self, attr_full, EMNIST(
  File "/Utilisateurs/abellach/.conda/envs/toposentinel/lib/python3.10/site-packages/torchvision/datasets/mnist.py", line 298, in __init__
    super().__init__(root, **kwargs)
  File "/Utilisateurs/abellach/.conda/envs/toposentinel/lib/python3.10/site-packages/torchvision/datasets/mnist.py", line 100, in __init__
    self.download()
  File "/Utilisateurs/abellach/.conda/envs/toposentinel/lib/python3.10/site-packages/torchvision/datasets/mnist.py", line 333, in download
    os.makedirs(self.raw_folder, exist_ok=True)
  File "/Utilisateurs/abellach/.conda/envs/toposentinel/lib/python3.10/os.py", line 215, in makedirs
    makedirs(head, exist_ok=exist_ok)
  File "/Utilisateurs/abellach/.conda/envs/toposentinel/lib/python3.10/os.py", line 225, in makedirs
    mkdir(name, mode)
FileNotFoundError: [Errno 2] No such file or directory: 'data/EMNIST'
11:02:36  INFO      benchmark — ▶  femnist_chameleon_flame_seed7
11:02:36  INFO      experiment.runner — Initialising 'femnist_chameleon_flame_seed7' | device=cuda | rounds=150 | clients=10/100 | attack=chameleon | defense=flame
11:02:36  ERROR     benchmark — ✗  femnist_chameleon_flame_seed7 — [Errno 2] No such file or directory: 'data/EMNIST'
Traceback (most recent call last):
  File "/Utilisateurs/abellach/TopoBD/experiments/benchmark/run_benchmark.py", line 143, in run_one
    FLRunner(config).run()
  File "/Utilisateurs/abellach/TopoBD/experiment/runner.py", line 74, in __init__
    self.adapter = build_adapter(config)
  File "/Utilisateurs/abellach/TopoBD/experiment/utils.py", line 99, in build_adapter
    adapter.setup()
  File "/Utilisateurs/abellach/TopoBD/datasets/adapter.py", line 116, in setup
    self.load_datasets()
  File "/Utilisateurs/abellach/TopoBD/datasets/femnist.py", line 40, in load_datasets
    setattr(self, attr_full, EMNIST(
  File "/Utilisateurs/abellach/.conda/envs/toposentinel/lib/python3.10/site-packages/torchvision/datasets/mnist.py", line 298, in __init__
    super().__init__(root, **kwargs)
  File "/Utilisateurs/abellach/.conda/envs/toposentinel/lib/python3.10/site-packages/torchvision/datasets/mnist.py", line 100, in __init__
    self.download()
  File "/Utilisateurs/abellach/.conda/envs/toposentinel/lib/python3.10/site-packages/torchvision/datasets/mnist.py", line 333, in download
    os.makedirs(self.raw_folder, exist_ok=True)
  File "/Utilisateurs/abellach/.conda/envs/toposentinel/lib/python3.10/os.py", line 215, in makedirs
    makedirs(head, exist_ok=exist_ok)
  File "/Utilisateurs/abellach/.conda/envs/toposentinel/lib/python3.10/os.py", line 225, in makedirs
    mkdir(name, mode)
FileNotFoundError: [Errno 2] No such file or directory: 'data/EMNIST'
11:02:36  INFO      benchmark — ▶  femnist_chameleon_flame_seed8
11:02:36  INFO      experiment.runner — Initialising 'femnist_chameleon_flame_seed8' | device=cuda | rounds=150 | clients=10/100 | attack=chameleon | defense=flame
11:02:36  ERROR     benchmark — ✗  femnist_chameleon_flame_seed8 — [Errno 2] No such file or directory: 'data/EMNIST'
Traceback (most recent call last):
  File "/Utilisateurs/abellach/TopoBD/experiments/benchmark/run_benchmark.py", line 143, in run_one
    FLRunner(config).run()
  File "/Utilisateurs/abellach/TopoBD/experiment/runner.py", line 74, in __init__
    self.adapter = build_adapter(config)
  File "/Utilisateurs/abellach/TopoBD/experiment/utils.py", line 99, in build_adapter
    adapter.setup()
  File "/Utilisateurs/abellach/TopoBD/datasets/adapter.py", line 116, in setup
    self.load_datasets()
  File "/Utilisateurs/abellach/TopoBD/datasets/femnist.py", line 40, in load_datasets
    setattr(self, attr_full, EMNIST(
  File "/Utilisateurs/abellach/.conda/envs/toposentinel/lib/python3.10/site-packages/torchvision/datasets/mnist.py", line 298, in __init__
    super().__init__(root, **kwargs)
  File "/Utilisateurs/abellach/.conda/envs/toposentinel/lib/python3.10/site-packages/torchvision/datasets/mnist.py", line 100, in __init__
    self.download()
  File "/Utilisateurs/abellach/.conda/envs/toposentinel/lib/python3.10/site-packages/torchvision/datasets/mnist.py", line 333, in download
    os.makedirs(self.raw_folder, exist_ok=True)
  File "/Utilisateurs/abellach/.conda/envs/toposentinel/lib/python3.10/os.py", line 215, in makedirs
    makedirs(head, exist_ok=exist_ok)
  File "/Utilisateurs/abellach/.conda/envs/toposentinel/lib/python3.10/os.py", line 225, in makedirs
    mkdir(name, mode)
FileNotFoundError: [Errno 2] No such file or directory: 'data/EMNIST'
11:02:36  INFO      benchmark — ▶  femnist_chameleon_flame_seed9
11:02:36  INFO      experiment.runner — Initialising 'femnist_chameleon_flame_seed9' | device=cuda | rounds=150 | clients=10/100 | attack=chameleon | defense=flame
11:02:36  ERROR     benchmark — ✗  femnist_chameleon_flame_seed9 — [Errno 2] No such file or directory: 'data/EMNIST'
Traceback (most recent call last):
  File "/Utilisateurs/abellach/TopoBD/experiments/benchmark/run_benchmark.py", line 143, in run_one
    FLRunner(config).run()
  File "/Utilisateurs/abellach/TopoBD/experiment/runner.py", line 74, in __init__
    self.adapter = build_adapter(config)
  File "/Utilisateurs/abellach/TopoBD/experiment/utils.py", line 99, in build_adapter
    adapter.setup()
  File "/Utilisateurs/abellach/TopoBD/datasets/adapter.py", line 116, in setup
    self.load_datasets()
  File "/Utilisateurs/abellach/TopoBD/datasets/femnist.py", line 40, in load_datasets
    setattr(self, attr_full, EMNIST(
  File "/Utilisateurs/abellach/.conda/envs/toposentinel/lib/python3.10/site-packages/torchvision/datasets/mnist.py", line 298, in __init__
    super().__init__(root, **kwargs)
  File "/Utilisateurs/abellach/.conda/envs/toposentinel/lib/python3.10/site-packages/torchvision/datasets/mnist.py", line 100, in __init__
    self.download()
  File "/Utilisateurs/abellach/.conda/envs/toposentinel/lib/python3.10/site-packages/torchvision/datasets/mnist.py", line 333, in download
    os.makedirs(self.raw_folder, exist_ok=True)
  File "/Utilisateurs/abellach/.conda/envs/toposentinel/lib/python3.10/os.py", line 215, in makedirs
    makedirs(head, exist_ok=exist_ok)
  File "/Utilisateurs/abellach/.conda/envs/toposentinel/lib/python3.10/os.py", line 225, in makedirs
    mkdir(name, mode)
FileNotFoundError: [Errno 2] No such file or directory: 'data/EMNIST'
11:02:36  INFO      benchmark — ▶  femnist_chameleon_mkrum_seed0
11:02:36  INFO      experiment.runner — Initialising 'femnist_chameleon_mkrum_seed0' | device=cuda | rounds=150 | clients=10/100 | attack=chameleon | defense=mkrum
11:02:36  ERROR     benchmark — ✗  femnist_chameleon_mkrum_seed0 — [Errno 2] No such file or directory: 'data/EMNIST'
Traceback (most recent call last):
  File "/Utilisateurs/abellach/TopoBD/experiments/benchmark/run_benchmark.py", line 143, in run_one
    FLRunner(config).run()
  File "/Utilisateurs/abellach/TopoBD/experiment/runner.py", line 74, in __init__
    self.adapter = build_adapter(config)
  File "/Utilisateurs/abellach/TopoBD/experiment/utils.py", line 99, in build_adapter
    adapter.setup()
  File "/Utilisateurs/abellach/TopoBD/datasets/adapter.py", line 116, in setup
    self.load_datasets()
  File "/Utilisateurs/abellach/TopoBD/datasets/femnist.py", line 40, in load_datasets
    setattr(self, attr_full, EMNIST(
  File "/Utilisateurs/abellach/.conda/envs/toposentinel/lib/python3.10/site-packages/torchvision/datasets/mnist.py", line 298, in __init__
    super().__init__(root, **kwargs)
  File "/Utilisateurs/abellach/.conda/envs/toposentinel/lib/python3.10/site-packages/torchvision/datasets/mnist.py", line 100, in __init__
    self.download()
  File "/Utilisateurs/abellach/.conda/envs/toposentinel/lib/python3.10/site-packages/torchvision/datasets/mnist.py", line 333, in download
    os.makedirs(self.raw_folder, exist_ok=True)
  File "/Utilisateurs/abellach/.conda/envs/toposentinel/lib/python3.10/os.py", line 215, in makedirs
    makedirs(head, exist_ok=exist_ok)
  File "/Utilisateurs/abellach/.conda/envs/toposentinel/lib/python3.10/os.py", line 225, in makedirs
    mkdir(name, mode)
FileNotFoundError: [Errno 2] No such file or directory: 'data/EMNIST'
11:02:36  INFO      benchmark — ▶  femnist_chameleon_mkrum_seed1
11:02:36  INFO      experiment.runner — Initialising 'femnist_chameleon_mkrum_seed1' | device=cuda | rounds=150 | clients=10/100 | attack=chameleon | defense=mkrum
11:02:36  ERROR     benchmark — ✗  femnist_chameleon_mkrum_seed1 — [Errno 2] No such file or directory: 'data/EMNIST'
Traceback (most recent call last):
  File "/Utilisateurs/abellach/TopoBD/experiments/benchmark/run_benchmark.py", line 143, in run_one
    FLRunner(config).run()
  File "/Utilisateurs/abellach/TopoBD/experiment/runner.py", line 74, in __init__
    self.adapter = build_adapter(config)
  File "/Utilisateurs/abellach/TopoBD/experiment/utils.py", line 99, in build_adapter
    adapter.setup()
  File "/Utilisateurs/abellach/TopoBD/datasets/adapter.py", line 116, in setup
    self.load_datasets()
  File "/Utilisateurs/abellach/TopoBD/datasets/femnist.py", line 40, in load_datasets
    setattr(self, attr_full, EMNIST(
  File "/Utilisateurs/abellach/.conda/envs/toposentinel/lib/python3.10/site-packages/torchvision/datasets/mnist.py", line 298, in __init__
    super().__init__(root, **kwargs)
  File "/Utilisateurs/abellach/.conda/envs/toposentinel/lib/python3.10/site-packages/torchvision/datasets/mnist.py", line 100, in __init__
    self.download()
  File "/Utilisateurs/abellach/.conda/envs/toposentinel/lib/python3.10/site-packages/torchvision/datasets/mnist.py", line 333, in download
    os.makedirs(self.raw_folder, exist_ok=True)
  File "/Utilisateurs/abellach/.conda/envs/toposentinel/lib/python3.10/os.py", line 215, in makedirs
    makedirs(head, exist_ok=exist_ok)
  File "/Utilisateurs/abellach/.conda/envs/toposentinel/lib/python3.10/os.py", line 225, in makedirs
    mkdir(name, mode)
FileNotFoundError: [Errno 2] No such file or directory: 'data/EMNIST'
11:02:36  INFO      benchmark — ▶  femnist_chameleon_mkrum_seed2
11:02:36  INFO      experiment.runner — Initialising 'femnist_chameleon_mkrum_seed2' | device=cuda | rounds=150 | clients=10/100 | attack=chameleon | defense=mkrum
11:02:36  ERROR     benchmark — ✗  femnist_chameleon_mkrum_seed2 — [Errno 2] No such file or directory: 'data/EMNIST'
Traceback (most recent call last):
  File "/Utilisateurs/abellach/TopoBD/experiments/benchmark/run_benchmark.py", line 143, in run_one
    FLRunner(config).run()
  File "/Utilisateurs/abellach/TopoBD/experiment/runner.py", line 74, in __init__
    self.adapter = build_adapter(config)
  File "/Utilisateurs/abellach/TopoBD/experiment/utils.py", line 99, in build_adapter
    adapter.setup()
  File "/Utilisateurs/abellach/TopoBD/datasets/adapter.py", line 116, in setup
    self.load_datasets()
  File "/Utilisateurs/abellach/TopoBD/datasets/femnist.py", line 40, in load_datasets
    setattr(self, attr_full, EMNIST(
  File "/Utilisateurs/abellach/.conda/envs/toposentinel/lib/python3.10/site-packages/torchvision/datasets/mnist.py", line 298, in __init__
    super().__init__(root, **kwargs)
  File "/Utilisateurs/abellach/.conda/envs/toposentinel/lib/python3.10/site-packages/torchvision/datasets/mnist.py", line 100, in __init__
    self.download()
  File "/Utilisateurs/abellach/.conda/envs/toposentinel/lib/python3.10/site-packages/torchvision/datasets/mnist.py", line 333, in download
    os.makedirs(self.raw_folder, exist_ok=True)
  File "/Utilisateurs/abellach/.conda/envs/toposentinel/lib/python3.10/os.py", line 215, in makedirs
    makedirs(head, exist_ok=exist_ok)
  File "/Utilisateurs/abellach/.conda/envs/toposentinel/lib/python3.10/os.py", line 225, in makedirs
    mkdir(name, mode)
FileNotFoundError: [Errno 2] No such file or directory: 'data/EMNIST'
11:02:36  INFO      benchmark — ▶  femnist_chameleon_mkrum_seed3
11:02:36  INFO      experiment.runner — Initialising 'femnist_chameleon_mkrum_seed3' | device=cuda | rounds=150 | clients=10/100 | attack=chameleon | defense=mkrum
11:02:36  ERROR     benchmark — ✗  femnist_chameleon_mkrum_seed3 — [Errno 2] No such file or directory: 'data/EMNIST'
Traceback (most recent call last):
  File "/Utilisateurs/abellach/TopoBD/experiments/benchmark/run_benchmark.py", line 143, in run_one
    FLRunner(config).run()
  File "/Utilisateurs/abellach/TopoBD/experiment/runner.py", line 74, in __init__
    self.adapter = build_adapter(config)
  File "/Utilisateurs/abellach/TopoBD/experiment/utils.py", line 99, in build_adapter
    adapter.setup()
  File "/Utilisateurs/abellach/TopoBD/datasets/adapter.py", line 116, in setup
    self.load_datasets()
  File "/Utilisateurs/abellach/TopoBD/datasets/femnist.py", line 40, in load_datasets
    setattr(self, attr_full, EMNIST(
  File "/Utilisateurs/abellach/.conda/envs/toposentinel/lib/python3.10/site-packages/torchvision/datasets/mnist.py", line 298, in __init__
    super().__init__(root, **kwargs)
  File "/Utilisateurs/abellach/.conda/envs/toposentinel/lib/python3.10/site-packages/torchvision/datasets/mnist.py", line 100, in __init__
    self.download()
  File "/Utilisateurs/abellach/.conda/envs/toposentinel/lib/python3.10/site-packages/torchvision/datasets/mnist.py", line 333, in download
    os.makedirs(self.raw_folder, exist_ok=True)
  File "/Utilisateurs/abellach/.conda/envs/toposentinel/lib/python3.10/os.py", line 215, in makedirs
    makedirs(head, exist_ok=exist_ok)
  File "/Utilisateurs/abellach/.conda/envs/toposentinel/lib/python3.10/os.py", line 225, in makedirs
    mkdir(name, mode)
FileNotFoundError: [Errno 2] No such file or directory: 'data/EMNIST'
11:02:36  INFO      benchmark — ▶  femnist_chameleon_mkrum_seed4
11:02:36  INFO      experiment.runner — Initialising 'femnist_chameleon_mkrum_seed4' | device=cuda | rounds=150 | clients=10/100 | attack=chameleon | defense=mkrum
11:02:36  ERROR     benchmark — ✗  femnist_chameleon_mkrum_seed4 — [Errno 2] No such file or directory: 'data/EMNIST'
Traceback (most recent call last):
  File "/Utilisateurs/abellach/TopoBD/experiments/benchmark/run_benchmark.py", line 143, in run_one
    FLRunner(config).run()
  File "/Utilisateurs/abellach/TopoBD/experiment/runner.py", line 74, in __init__
    self.adapter = build_adapter(config)
  File "/Utilisateurs/abellach/TopoBD/experiment/utils.py", line 99, in build_adapter
    adapter.setup()
  File "/Utilisateurs/abellach/TopoBD/datasets/adapter.py", line 116, in setup
    self.load_datasets()
  File "/Utilisateurs/abellach/TopoBD/datasets/femnist.py", line 40, in load_datasets
    setattr(self, attr_full, EMNIST(
  File "/Utilisateurs/abellach/.conda/envs/toposentinel/lib/python3.10/site-packages/torchvision/datasets/mnist.py", line 298, in __init__
    super().__init__(root, **kwargs)
  File "/Utilisateurs/abellach/.conda/envs/toposentinel/lib/python3.10/site-packages/torchvision/datasets/mnist.py", line 100, in __init__
    self.download()
  File "/Utilisateurs/abellach/.conda/envs/toposentinel/lib/python3.10/site-packages/torchvision/datasets/mnist.py", line 333, in download
    os.makedirs(self.raw_folder, exist_ok=True)
  File "/Utilisateurs/abellach/.conda/envs/toposentinel/lib/python3.10/os.py", line 215, in makedirs
    makedirs(head, exist_ok=exist_ok)
  File "/Utilisateurs/abellach/.conda/envs/toposentinel/lib/python3.10/os.py", line 225, in makedirs
    mkdir(name, mode)
FileNotFoundError: [Errno 2] No such file or directory: 'data/EMNIST'
11:02:36  INFO      benchmark — ▶  femnist_chameleon_mkrum_seed5
11:02:36  INFO      experiment.runner — Initialising 'femnist_chameleon_mkrum_seed5' | device=cuda | rounds=150 | clients=10/100 | attack=chameleon | defense=mkrum
11:02:36  ERROR     benchmark — ✗  femnist_chameleon_mkrum_seed5 — [Errno 2] No such file or directory: 'data/EMNIST'
Traceback (most recent call last):
  File "/Utilisateurs/abellach/TopoBD/experiments/benchmark/run_benchmark.py", line 143, in run_one
    FLRunner(config).run()
  File "/Utilisateurs/abellach/TopoBD/experiment/runner.py", line 74, in __init__
    self.adapter = build_adapter(config)
  File "/Utilisateurs/abellach/TopoBD/experiment/utils.py", line 99, in build_adapter
    adapter.setup()
  File "/Utilisateurs/abellach/TopoBD/datasets/adapter.py", line 116, in setup
    self.load_datasets()
  File "/Utilisateurs/abellach/TopoBD/datasets/femnist.py", line 40, in load_datasets
    setattr(self, attr_full, EMNIST(
  File "/Utilisateurs/abellach/.conda/envs/toposentinel/lib/python3.10/site-packages/torchvision/datasets/mnist.py", line 298, in __init__
    super().__init__(root, **kwargs)
  File "/Utilisateurs/abellach/.conda/envs/toposentinel/lib/python3.10/site-packages/torchvision/datasets/mnist.py", line 100, in __init__
    self.download()
  File "/Utilisateurs/abellach/.conda/envs/toposentinel/lib/python3.10/site-packages/torchvision/datasets/mnist.py", line 333, in download
    os.makedirs(self.raw_folder, exist_ok=True)
  File "/Utilisateurs/abellach/.conda/envs/toposentinel/lib/python3.10/os.py", line 215, in makedirs
    makedirs(head, exist_ok=exist_ok)
  File "/Utilisateurs/abellach/.conda/envs/toposentinel/lib/python3.10/os.py", line 225, in makedirs
    mkdir(name, mode)
FileNotFoundError: [Errno 2] No such file or directory: 'data/EMNIST'
11:02:36  INFO      benchmark — ▶  femnist_chameleon_mkrum_seed6
11:02:36  INFO      experiment.runner — Initialising 'femnist_chameleon_mkrum_seed6' | device=cuda | rounds=150 | clients=10/100 | attack=chameleon | defense=mkrum
11:02:36  ERROR     benchmark — ✗  femnist_chameleon_mkrum_seed6 — [Errno 2] No such file or directory: 'data/EMNIST'
Traceback (most recent call last):
  File "/Utilisateurs/abellach/TopoBD/experiments/benchmark/run_benchmark.py", line 143, in run_one
    FLRunner(config).run()
  File "/Utilisateurs/abellach/TopoBD/experiment/runner.py", line 74, in __init__
    self.adapter = build_adapter(config)
  File "/Utilisateurs/abellach/TopoBD/experiment/utils.py", line 99, in build_adapter
    adapter.setup()
  File "/Utilisateurs/abellach/TopoBD/datasets/adapter.py", line 116, in setup
    self.load_datasets()
  File "/Utilisateurs/abellach/TopoBD/datasets/femnist.py", line 40, in load_datasets
    setattr(self, attr_full, EMNIST(
  File "/Utilisateurs/abellach/.conda/envs/toposentinel/lib/python3.10/site-packages/torchvision/datasets/mnist.py", line 298, in __init__
    super().__init__(root, **kwargs)
  File "/Utilisateurs/abellach/.conda/envs/toposentinel/lib/python3.10/site-packages/torchvision/datasets/mnist.py", line 100, in __init__
    self.download()
  File "/Utilisateurs/abellach/.conda/envs/toposentinel/lib/python3.10/site-packages/torchvision/datasets/mnist.py", line 333, in download
    os.makedirs(self.raw_folder, exist_ok=True)
  File "/Utilisateurs/abellach/.conda/envs/toposentinel/lib/python3.10/os.py", line 215, in makedirs
    makedirs(head, exist_ok=exist_ok)
  File "/Utilisateurs/abellach/.conda/envs/toposentinel/lib/python3.10/os.py", line 225, in makedirs
    mkdir(name, mode)
FileNotFoundError: [Errno 2] No such file or directory: 'data/EMNIST'
11:02:36  INFO      benchmark — ▶  femnist_chameleon_mkrum_seed7
11:02:36  INFO      experiment.runner — Initialising 'femnist_chameleon_mkrum_seed7' | device=cuda | rounds=150 | clients=10/100 | attack=chameleon | defense=mkrum
11:02:36  ERROR     benchmark — ✗  femnist_chameleon_mkrum_seed7 — [Errno 2] No such file or directory: 'data/EMNIST'
Traceback (most recent call last):
  File "/Utilisateurs/abellach/TopoBD/experiments/benchmark/run_benchmark.py", line 143, in run_one
    FLRunner(config).run()
  File "/Utilisateurs/abellach/TopoBD/experiment/runner.py", line 74, in __init__
    self.adapter = build_adapter(config)
  File "/Utilisateurs/abellach/TopoBD/experiment/utils.py", line 99, in build_adapter
    adapter.setup()
  File "/Utilisateurs/abellach/TopoBD/datasets/adapter.py", line 116, in setup
    self.load_datasets()
  File "/Utilisateurs/abellach/TopoBD/datasets/femnist.py", line 40, in load_datasets
    setattr(self, attr_full, EMNIST(
  File "/Utilisateurs/abellach/.conda/envs/toposentinel/lib/python3.10/site-packages/torchvision/datasets/mnist.py", line 298, in __init__
    super().__init__(root, **kwargs)
  File "/Utilisateurs/abellach/.conda/envs/toposentinel/lib/python3.10/site-packages/torchvision/datasets/mnist.py", line 100, in __init__
    self.download()
  File "/Utilisateurs/abellach/.conda/envs/toposentinel/lib/python3.10/site-packages/torchvision/datasets/mnist.py", line 333, in download
    os.makedirs(self.raw_folder, exist_ok=True)
  File "/Utilisateurs/abellach/.conda/envs/toposentinel/lib/python3.10/os.py", line 215, in makedirs
    makedirs(head, exist_ok=exist_ok)
  File "/Utilisateurs/abellach/.conda/envs/toposentinel/lib/python3.10/os.py", line 225, in makedirs
    mkdir(name, mode)
FileNotFoundError: [Errno 2] No such file or directory: 'data/EMNIST'
11:02:36  INFO      benchmark — ▶  femnist_chameleon_mkrum_seed8
11:02:36  INFO      experiment.runner — Initialising 'femnist_chameleon_mkrum_seed8' | device=cuda | rounds=150 | clients=10/100 | attack=chameleon | defense=mkrum
11:02:36  ERROR     benchmark — ✗  femnist_chameleon_mkrum_seed8 — [Errno 2] No such file or directory: 'data/EMNIST'
Traceback (most recent call last):
  File "/Utilisateurs/abellach/TopoBD/experiments/benchmark/run_benchmark.py", line 143, in run_one
    FLRunner(config).run()
  File "/Utilisateurs/abellach/TopoBD/experiment/runner.py", line 74, in __init__
    self.adapter = build_adapter(config)
  File "/Utilisateurs/abellach/TopoBD/experiment/utils.py", line 99, in build_adapter
    adapter.setup()
  File "/Utilisateurs/abellach/TopoBD/datasets/adapter.py", line 116, in setup
    self.load_datasets()
  File "/Utilisateurs/abellach/TopoBD/datasets/femnist.py", line 40, in load_datasets
    setattr(self, attr_full, EMNIST(
  File "/Utilisateurs/abellach/.conda/envs/toposentinel/lib/python3.10/site-packages/torchvision/datasets/mnist.py", line 298, in __init__
    super().__init__(root, **kwargs)
  File "/Utilisateurs/abellach/.conda/envs/toposentinel/lib/python3.10/site-packages/torchvision/datasets/mnist.py", line 100, in __init__
    self.download()
  File "/Utilisateurs/abellach/.conda/envs/toposentinel/lib/python3.10/site-packages/torchvision/datasets/mnist.py", line 333, in download
    os.makedirs(self.raw_folder, exist_ok=True)
  File "/Utilisateurs/abellach/.conda/envs/toposentinel/lib/python3.10/os.py", line 215, in makedirs
    makedirs(head, exist_ok=exist_ok)
  File "/Utilisateurs/abellach/.conda/envs/toposentinel/lib/python3.10/os.py", line 225, in makedirs
    mkdir(name, mode)
FileNotFoundError: [Errno 2] No such file or directory: 'data/EMNIST'
11:02:36  INFO      benchmark — ▶  femnist_chameleon_mkrum_seed9
11:02:36  INFO      experiment.runner — Initialising 'femnist_chameleon_mkrum_seed9' | device=cuda | rounds=150 | clients=10/100 | attack=chameleon | defense=mkrum
11:02:36  ERROR     benchmark — ✗  femnist_chameleon_mkrum_seed9 — [Errno 2] No such file or directory: 'data/EMNIST'
Traceback (most recent call last):
  File "/Utilisateurs/abellach/TopoBD/experiments/benchmark/run_benchmark.py", line 143, in run_one
    FLRunner(config).run()
  File "/Utilisateurs/abellach/TopoBD/experiment/runner.py", line 74, in __init__
    self.adapter = build_adapter(config)
  File "/Utilisateurs/abellach/TopoBD/experiment/utils.py", line 99, in build_adapter
    adapter.setup()
  File "/Utilisateurs/abellach/TopoBD/datasets/adapter.py", line 116, in setup
    self.load_datasets()
  File "/Utilisateurs/abellach/TopoBD/datasets/femnist.py", line 40, in load_datasets
    setattr(self, attr_full, EMNIST(
  File "/Utilisateurs/abellach/.conda/envs/toposentinel/lib/python3.10/site-packages/torchvision/datasets/mnist.py", line 298, in __init__
    super().__init__(root, **kwargs)
  File "/Utilisateurs/abellach/.conda/envs/toposentinel/lib/python3.10/site-packages/torchvision/datasets/mnist.py", line 100, in __init__
    self.download()
  File "/Utilisateurs/abellach/.conda/envs/toposentinel/lib/python3.10/site-packages/torchvision/datasets/mnist.py", line 333, in download
    os.makedirs(self.raw_folder, exist_ok=True)
  File "/Utilisateurs/abellach/.conda/envs/toposentinel/lib/python3.10/os.py", line 215, in makedirs
    makedirs(head, exist_ok=exist_ok)
  File "/Utilisateurs/abellach/.conda/envs/toposentinel/lib/python3.10/os.py", line 225, in makedirs
    mkdir(name, mode)
FileNotFoundError: [Errno 2] No such file or directory: 'data/EMNIST'
11:02:36  INFO      benchmark — ▶  femnist_chameleon_nnm_krum_seed0
11:02:36  INFO      experiment.runner — Initialising 'femnist_chameleon_nnm_krum_seed0' | device=cuda | rounds=150 | clients=10/100 | attack=chameleon | defense=nnm
11:02:36  ERROR     benchmark — ✗  femnist_chameleon_nnm_krum_seed0 — [Errno 2] No such file or directory: 'data/EMNIST'
Traceback (most recent call last):
  File "/Utilisateurs/abellach/TopoBD/experiments/benchmark/run_benchmark.py", line 143, in run_one
    FLRunner(config).run()
  File "/Utilisateurs/abellach/TopoBD/experiment/runner.py", line 74, in __init__
    self.adapter = build_adapter(config)
  File "/Utilisateurs/abellach/TopoBD/experiment/utils.py", line 99, in build_adapter
    adapter.setup()
  File "/Utilisateurs/abellach/TopoBD/datasets/adapter.py", line 116, in setup
    self.load_datasets()
  File "/Utilisateurs/abellach/TopoBD/datasets/femnist.py", line 40, in load_datasets
    setattr(self, attr_full, EMNIST(
  File "/Utilisateurs/abellach/.conda/envs/toposentinel/lib/python3.10/site-packages/torchvision/datasets/mnist.py", line 298, in __init__
    super().__init__(root, **kwargs)
  File "/Utilisateurs/abellach/.conda/envs/toposentinel/lib/python3.10/site-packages/torchvision/datasets/mnist.py", line 100, in __init__
    self.download()
  File "/Utilisateurs/abellach/.conda/envs/toposentinel/lib/python3.10/site-packages/torchvision/datasets/mnist.py", line 333, in download
    os.makedirs(self.raw_folder, exist_ok=True)
  File "/Utilisateurs/abellach/.conda/envs/toposentinel/lib/python3.10/os.py", line 215, in makedirs
    makedirs(head, exist_ok=exist_ok)
  File "/Utilisateurs/abellach/.conda/envs/toposentinel/lib/python3.10/os.py", line 225, in makedirs
    mkdir(name, mode)
FileNotFoundError: [Errno 2] No such file or directory: 'data/EMNIST'
11:02:36  INFO      benchmark — ▶  femnist_chameleon_nnm_krum_seed1
11:02:36  INFO      experiment.runner — Initialising 'femnist_chameleon_nnm_krum_seed1' | device=cuda | rounds=150 | clients=10/100 | attack=chameleon | defense=nnm
11:02:36  ERROR     benchmark — ✗  femnist_chameleon_nnm_krum_seed1 — [Errno 2] No such file or directory: 'data/EMNIST'
Traceback (most recent call last):
  File "/Utilisateurs/abellach/TopoBD/experiments/benchmark/run_benchmark.py", line 143, in run_one
    FLRunner(config).run()
  File "/Utilisateurs/abellach/TopoBD/experiment/runner.py", line 74, in __init__
    self.adapter = build_adapter(config)
  File "/Utilisateurs/abellach/TopoBD/experiment/utils.py", line 99, in build_adapter
    adapter.setup()
  File "/Utilisateurs/abellach/TopoBD/datasets/adapter.py", line 116, in setup
    self.load_datasets()
  File "/Utilisateurs/abellach/TopoBD/datasets/femnist.py", line 40, in load_datasets
    setattr(self, attr_full, EMNIST(
  File "/Utilisateurs/abellach/.conda/envs/toposentinel/lib/python3.10/site-packages/torchvision/datasets/mnist.py", line 298, in __init__
    super().__init__(root, **kwargs)
  File "/Utilisateurs/abellach/.conda/envs/toposentinel/lib/python3.10/site-packages/torchvision/datasets/mnist.py", line 100, in __init__
    self.download()
  File "/Utilisateurs/abellach/.conda/envs/toposentinel/lib/python3.10/site-packages/torchvision/datasets/mnist.py", line 333, in download
    os.makedirs(self.raw_folder, exist_ok=True)
  File "/Utilisateurs/abellach/.conda/envs/toposentinel/lib/python3.10/os.py", line 215, in makedirs
    makedirs(head, exist_ok=exist_ok)
  File "/Utilisateurs/abellach/.conda/envs/toposentinel/lib/python3.10/os.py", line 225, in makedirs
    mkdir(name, mode)
FileNotFoundError: [Errno 2] No such file or directory: 'data/EMNIST'
11:02:36  INFO      benchmark — ▶  femnist_chameleon_nnm_krum_seed2
11:02:36  INFO      experiment.runner — Initialising 'femnist_chameleon_nnm_krum_seed2' | device=cuda | rounds=150 | clients=10/100 | attack=chameleon | defense=nnm
11:02:36  ERROR     benchmark — ✗  femnist_chameleon_nnm_krum_seed2 — [Errno 2] No such file or directory: 'data/EMNIST'
Traceback (most recent call last):
  File "/Utilisateurs/abellach/TopoBD/experiments/benchmark/run_benchmark.py", line 143, in run_one
    FLRunner(config).run()
  File "/Utilisateurs/abellach/TopoBD/experiment/runner.py", line 74, in __init__
    self.adapter = build_adapter(config)
  File "/Utilisateurs/abellach/TopoBD/experiment/utils.py", line 99, in build_adapter
    adapter.setup()
  File "/Utilisateurs/abellach/TopoBD/datasets/adapter.py", line 116, in setup
    self.load_datasets()
  File "/Utilisateurs/abellach/TopoBD/datasets/femnist.py", line 40, in load_datasets
    setattr(self, attr_full, EMNIST(
  File "/Utilisateurs/abellach/.conda/envs/toposentinel/lib/python3.10/site-packages/torchvision/datasets/mnist.py", line 298, in __init__
    super().__init__(root, **kwargs)
  File "/Utilisateurs/abellach/.conda/envs/toposentinel/lib/python3.10/site-packages/torchvision/datasets/mnist.py", line 100, in __init__
    self.download()
  File "/Utilisateurs/abellach/.conda/envs/toposentinel/lib/python3.10/site-packages/torchvision/datasets/mnist.py", line 333, in download
    os.makedirs(self.raw_folder, exist_ok=True)
  File "/Utilisateurs/abellach/.conda/envs/toposentinel/lib/python3.10/os.py", line 215, in makedirs
    makedirs(head, exist_ok=exist_ok)
  File "/Utilisateurs/abellach/.conda/envs/toposentinel/lib/python3.10/os.py", line 225, in makedirs
    mkdir(name, mode)
FileNotFoundError: [Errno 2] No such file or directory: 'data/EMNIST'
11:02:36  INFO      benchmark — ▶  femnist_chameleon_nnm_krum_seed3
11:02:36  INFO      experiment.runner — Initialising 'femnist_chameleon_nnm_krum_seed3' | device=cuda | rounds=150 | clients=10/100 | attack=chameleon | defense=nnm
11:02:36  ERROR     benchmark — ✗  femnist_chameleon_nnm_krum_seed3 — [Errno 2] No such file or directory: 'data/EMNIST'
Traceback (most recent call last):
  File "/Utilisateurs/abellach/TopoBD/experiments/benchmark/run_benchmark.py", line 143, in run_one
    FLRunner(config).run()
  File "/Utilisateurs/abellach/TopoBD/experiment/runner.py", line 74, in __init__
    self.adapter = build_adapter(config)
  File "/Utilisateurs/abellach/TopoBD/experiment/utils.py", line 99, in build_adapter
    adapter.setup()
  File "/Utilisateurs/abellach/TopoBD/datasets/adapter.py", line 116, in setup
    self.load_datasets()
  File "/Utilisateurs/abellach/TopoBD/datasets/femnist.py", line 40, in load_datasets
    setattr(self, attr_full, EMNIST(
  File "/Utilisateurs/abellach/.conda/envs/toposentinel/lib/python3.10/site-packages/torchvision/datasets/mnist.py", line 298, in __init__
    super().__init__(root, **kwargs)
  File "/Utilisateurs/abellach/.conda/envs/toposentinel/lib/python3.10/site-packages/torchvision/datasets/mnist.py", line 100, in __init__
    self.download()
  File "/Utilisateurs/abellach/.conda/envs/toposentinel/lib/python3.10/site-packages/torchvision/datasets/mnist.py", line 333, in download
    os.makedirs(self.raw_folder, exist_ok=True)
  File "/Utilisateurs/abellach/.conda/envs/toposentinel/lib/python3.10/os.py", line 215, in makedirs
    makedirs(head, exist_ok=exist_ok)
  File "/Utilisateurs/abellach/.conda/envs/toposentinel/lib/python3.10/os.py", line 225, in makedirs
    mkdir(name, mode)
FileNotFoundError: [Errno 2] No such file or directory: 'data/EMNIST'
11:02:36  INFO      benchmark — ▶  femnist_chameleon_nnm_krum_seed4
11:02:36  INFO      experiment.runner — Initialising 'femnist_chameleon_nnm_krum_seed4' | device=cuda | rounds=150 | clients=10/100 | attack=chameleon | defense=nnm
11:02:36  ERROR     benchmark — ✗  femnist_chameleon_nnm_krum_seed4 — [Errno 2] No such file or directory: 'data/EMNIST'
Traceback (most recent call last):
  File "/Utilisateurs/abellach/TopoBD/experiments/benchmark/run_benchmark.py", line 143, in run_one
    FLRunner(config).run()
  File "/Utilisateurs/abellach/TopoBD/experiment/runner.py", line 74, in __init__
    self.adapter = build_adapter(config)
  File "/Utilisateurs/abellach/TopoBD/experiment/utils.py", line 99, in build_adapter
    adapter.setup()
  File "/Utilisateurs/abellach/TopoBD/datasets/adapter.py", line 116, in setup
    self.load_datasets()
  File "/Utilisateurs/abellach/TopoBD/datasets/femnist.py", line 40, in load_datasets
    setattr(self, attr_full, EMNIST(
  File "/Utilisateurs/abellach/.conda/envs/toposentinel/lib/python3.10/site-packages/torchvision/datasets/mnist.py", line 298, in __init__
    super().__init__(root, **kwargs)
  File "/Utilisateurs/abellach/.conda/envs/toposentinel/lib/python3.10/site-packages/torchvision/datasets/mnist.py", line 100, in __init__
    self.download()
  File "/Utilisateurs/abellach/.conda/envs/toposentinel/lib/python3.10/site-packages/torchvision/datasets/mnist.py", line 333, in download
    os.makedirs(self.raw_folder, exist_ok=True)
  File "/Utilisateurs/abellach/.conda/envs/toposentinel/lib/python3.10/os.py", line 215, in makedirs
    makedirs(head, exist_ok=exist_ok)
  File "/Utilisateurs/abellach/.conda/envs/toposentinel/lib/python3.10/os.py", line 225, in makedirs
    mkdir(name, mode)
FileNotFoundError: [Errno 2] No such file or directory: 'data/EMNIST'
11:02:36  INFO      benchmark — ▶  femnist_chameleon_nnm_krum_seed5
11:02:36  INFO      experiment.runner — Initialising 'femnist_chameleon_nnm_krum_seed5' | device=cuda | rounds=150 | clients=10/100 | attack=chameleon | defense=nnm
11:02:36  ERROR     benchmark — ✗  femnist_chameleon_nnm_krum_seed5 — [Errno 2] No such file or directory: 'data/EMNIST'
Traceback (most recent call last):
  File "/Utilisateurs/abellach/TopoBD/experiments/benchmark/run_benchmark.py", line 143, in run_one
    FLRunner(config).run()
  File "/Utilisateurs/abellach/TopoBD/experiment/runner.py", line 74, in __init__
    self.adapter = build_adapter(config)
  File "/Utilisateurs/abellach/TopoBD/experiment/utils.py", line 99, in build_adapter
    adapter.setup()
  File "/Utilisateurs/abellach/TopoBD/datasets/adapter.py", line 116, in setup
    self.load_datasets()
  File "/Utilisateurs/abellach/TopoBD/datasets/femnist.py", line 40, in load_datasets
    setattr(self, attr_full, EMNIST(
  File "/Utilisateurs/abellach/.conda/envs/toposentinel/lib/python3.10/site-packages/torchvision/datasets/mnist.py", line 298, in __init__
    super().__init__(root, **kwargs)
  File "/Utilisateurs/abellach/.conda/envs/toposentinel/lib/python3.10/site-packages/torchvision/datasets/mnist.py", line 100, in __init__
    self.download()
  File "/Utilisateurs/abellach/.conda/envs/toposentinel/lib/python3.10/site-packages/torchvision/datasets/mnist.py", line 333, in download
    os.makedirs(self.raw_folder, exist_ok=True)
  File "/Utilisateurs/abellach/.conda/envs/toposentinel/lib/python3.10/os.py", line 215, in makedirs
    makedirs(head, exist_ok=exist_ok)
  File "/Utilisateurs/abellach/.conda/envs/toposentinel/lib/python3.10/os.py", line 225, in makedirs
    mkdir(name, mode)
FileNotFoundError: [Errno 2] No such file or directory: 'data/EMNIST'
11:02:36  INFO      benchmark — ▶  femnist_chameleon_nnm_krum_seed6
11:02:36  INFO      experiment.runner — Initialising 'femnist_chameleon_nnm_krum_seed6' | device=cuda | rounds=150 | clients=10/100 | attack=chameleon | defense=nnm
11:02:36  ERROR     benchmark — ✗  femnist_chameleon_nnm_krum_seed6 — [Errno 2] No such file or directory: 'data/EMNIST'
Traceback (most recent call last):
  File "/Utilisateurs/abellach/TopoBD/experiments/benchmark/run_benchmark.py", line 143, in run_one
    FLRunner(config).run()
  File "/Utilisateurs/abellach/TopoBD/experiment/runner.py", line 74, in __init__
    self.adapter = build_adapter(config)
  File "/Utilisateurs/abellach/TopoBD/experiment/utils.py", line 99, in build_adapter
    adapter.setup()
  File "/Utilisateurs/abellach/TopoBD/datasets/adapter.py", line 116, in setup
    self.load_datasets()
  File "/Utilisateurs/abellach/TopoBD/datasets/femnist.py", line 40, in load_datasets
    setattr(self, attr_full, EMNIST(
  File "/Utilisateurs/abellach/.conda/envs/toposentinel/lib/python3.10/site-packages/torchvision/datasets/mnist.py", line 298, in __init__
    super().__init__(root, **kwargs)
  File "/Utilisateurs/abellach/.conda/envs/toposentinel/lib/python3.10/site-packages/torchvision/datasets/mnist.py", line 100, in __init__
    self.download()
  File "/Utilisateurs/abellach/.conda/envs/toposentinel/lib/python3.10/site-packages/torchvision/datasets/mnist.py", line 333, in download
    os.makedirs(self.raw_folder, exist_ok=True)
  File "/Utilisateurs/abellach/.conda/envs/toposentinel/lib/python3.10/os.py", line 215, in makedirs
    makedirs(head, exist_ok=exist_ok)
  File "/Utilisateurs/abellach/.conda/envs/toposentinel/lib/python3.10/os.py", line 225, in makedirs
    mkdir(name, mode)
FileNotFoundError: [Errno 2] No such file or directory: 'data/EMNIST'
11:02:36  INFO      benchmark — ▶  femnist_chameleon_nnm_krum_seed7
11:02:36  INFO      experiment.runner — Initialising 'femnist_chameleon_nnm_krum_seed7' | device=cuda | rounds=150 | clients=10/100 | attack=chameleon | defense=nnm
11:02:36  ERROR     benchmark — ✗  femnist_chameleon_nnm_krum_seed7 — [Errno 2] No such file or directory: 'data/EMNIST'
Traceback (most recent call last):
  File "/Utilisateurs/abellach/TopoBD/experiments/benchmark/run_benchmark.py", line 143, in run_one
    FLRunner(config).run()
  File "/Utilisateurs/abellach/TopoBD/experiment/runner.py", line 74, in __init__
    self.adapter = build_adapter(config)
  File "/Utilisateurs/abellach/TopoBD/experiment/utils.py", line 99, in build_adapter
    adapter.setup()
  File "/Utilisateurs/abellach/TopoBD/datasets/adapter.py", line 116, in setup
    self.load_datasets()
  File "/Utilisateurs/abellach/TopoBD/datasets/femnist.py", line 40, in load_datasets
    setattr(self, attr_full, EMNIST(
  File "/Utilisateurs/abellach/.conda/envs/toposentinel/lib/python3.10/site-packages/torchvision/datasets/mnist.py", line 298, in __init__
    super().__init__(root, **kwargs)
  File "/Utilisateurs/abellach/.conda/envs/toposentinel/lib/python3.10/site-packages/torchvision/datasets/mnist.py", line 100, in __init__
    self.download()
  File "/Utilisateurs/abellach/.conda/envs/toposentinel/lib/python3.10/site-packages/torchvision/datasets/mnist.py", line 333, in download
    os.makedirs(self.raw_folder, exist_ok=True)
  File "/Utilisateurs/abellach/.conda/envs/toposentinel/lib/python3.10/os.py", line 215, in makedirs
    makedirs(head, exist_ok=exist_ok)
  File "/Utilisateurs/abellach/.conda/envs/toposentinel/lib/python3.10/os.py", line 225, in makedirs
    mkdir(name, mode)
FileNotFoundError: [Errno 2] No such file or directory: 'data/EMNIST'
11:02:36  INFO      benchmark — ▶  femnist_chameleon_nnm_krum_seed8
11:02:36  INFO      experiment.runner — Initialising 'femnist_chameleon_nnm_krum_seed8' | device=cuda | rounds=150 | clients=10/100 | attack=chameleon | defense=nnm
11:02:36  ERROR     benchmark — ✗  femnist_chameleon_nnm_krum_seed8 — [Errno 2] No such file or directory: 'data/EMNIST'
Traceback (most recent call last):
  File "/Utilisateurs/abellach/TopoBD/experiments/benchmark/run_benchmark.py", line 143, in run_one
    FLRunner(config).run()
  File "/Utilisateurs/abellach/TopoBD/experiment/runner.py", line 74, in __init__
    self.adapter = build_adapter(config)
  File "/Utilisateurs/abellach/TopoBD/experiment/utils.py", line 99, in build_adapter
    adapter.setup()
  File "/Utilisateurs/abellach/TopoBD/datasets/adapter.py", line 116, in setup
    self.load_datasets()
  File "/Utilisateurs/abellach/TopoBD/datasets/femnist.py", line 40, in load_datasets
    setattr(self, attr_full, EMNIST(
  File "/Utilisateurs/abellach/.conda/envs/toposentinel/lib/python3.10/site-packages/torchvision/datasets/mnist.py", line 298, in __init__
    super().__init__(root, **kwargs)
  File "/Utilisateurs/abellach/.conda/envs/toposentinel/lib/python3.10/site-packages/torchvision/datasets/mnist.py", line 100, in __init__
    self.download()
  File "/Utilisateurs/abellach/.conda/envs/toposentinel/lib/python3.10/site-packages/torchvision/datasets/mnist.py", line 333, in download
    os.makedirs(self.raw_folder, exist_ok=True)
  File "/Utilisateurs/abellach/.conda/envs/toposentinel/lib/python3.10/os.py", line 215, in makedirs
    makedirs(head, exist_ok=exist_ok)
  File "/Utilisateurs/abellach/.conda/envs/toposentinel/lib/python3.10/os.py", line 225, in makedirs
    mkdir(name, mode)
FileNotFoundError: [Errno 2] No such file or directory: 'data/EMNIST'
11:02:36  INFO      benchmark — ▶  femnist_chameleon_nnm_krum_seed9
11:02:36  INFO      experiment.runner — Initialising 'femnist_chameleon_nnm_krum_seed9' | device=cuda | rounds=150 | clients=10/100 | attack=chameleon | defense=nnm
11:02:36  ERROR     benchmark — ✗  femnist_chameleon_nnm_krum_seed9 — [Errno 2] No such file or directory: 'data/EMNIST'
Traceback (most recent call last):
  File "/Utilisateurs/abellach/TopoBD/experiments/benchmark/run_benchmark.py", line 143, in run_one
    FLRunner(config).run()
  File "/Utilisateurs/abellach/TopoBD/experiment/runner.py", line 74, in __init__
    self.adapter = build_adapter(config)
  File "/Utilisateurs/abellach/TopoBD/experiment/utils.py", line 99, in build_adapter
    adapter.setup()
  File "/Utilisateurs/abellach/TopoBD/datasets/adapter.py", line 116, in setup
    self.load_datasets()
  File "/Utilisateurs/abellach/TopoBD/datasets/femnist.py", line 40, in load_datasets
    setattr(self, attr_full, EMNIST(
  File "/Utilisateurs/abellach/.conda/envs/toposentinel/lib/python3.10/site-packages/torchvision/datasets/mnist.py", line 298, in __init__
    super().__init__(root, **kwargs)
  File "/Utilisateurs/abellach/.conda/envs/toposentinel/lib/python3.10/site-packages/torchvision/datasets/mnist.py", line 100, in __init__
    self.download()
  File "/Utilisateurs/abellach/.conda/envs/toposentinel/lib/python3.10/site-packages/torchvision/datasets/mnist.py", line 333, in download
    os.makedirs(self.raw_folder, exist_ok=True)
  File "/Utilisateurs/abellach/.conda/envs/toposentinel/lib/python3.10/os.py", line 215, in makedirs
    makedirs(head, exist_ok=exist_ok)
  File "/Utilisateurs/abellach/.conda/envs/toposentinel/lib/python3.10/os.py", line 225, in makedirs
    mkdir(name, mode)
FileNotFoundError: [Errno 2] No such file or directory: 'data/EMNIST'
11:02:36  INFO      benchmark — Training done — 39 new runs  (39 failed).
11:02:36  INFO      benchmark — Generating summary CSV …
11:02:37  INFO      benchmark — Summary → results/benchmark_summary.csv  (13 rows)

dataset     attack   defense  n_seeds  clean_acc_mean  clean_acc_std  asr_mean  asr_std
femnist       a3fl deepsight       10           0.859          0.001     0.830    0.097
femnist       a3fl     flame       10           0.859          0.001     0.773    0.087
femnist       a3fl     mkrum       10           0.860          0.001     0.397    0.177
femnist       a3fl  nnm_krum       10           0.858          0.001     0.420    0.121
femnist        iba deepsight       10           0.859          0.000     1.000    0.000
femnist        iba     flame       10           0.859          0.001     1.000    0.000
femnist        iba     mkrum       10           0.859          0.001     1.000    0.000
femnist        iba  nnm_krum       10           0.857          0.001     0.999    0.001
femnist neurotoxin deepsight       10           0.858          0.001     0.035    0.007
femnist neurotoxin     flame       10           0.859          0.001     0.021    0.001
femnist neurotoxin     mkrum       10           0.859          0.001     0.022    0.002
femnist neurotoxin  nnm_krum       10           0.858          0.001     0.022    0.002
femnist  chameleon deepsight        2           0.858          0.001     0.063    0.044
