Installing PyTorch (cu124)...
Installing project dependencies...
============================================================
 Job ID   : 408494
 Node     : l3icalcul07
 Start    : 2026-06-01 22:08:49
 Python   : Python 3.10.19
 PyTorch  : 2.5.1+cu124
 CUDA     : True
 GPUs     : NVIDIA RTX A6000,NVIDIA RTX A6000,NVIDIA RTX A6000,NVIDIA RTX A6000
============================================================
Setting up scratch at: /tmp/abellach/408494
Copying data to local scratch...
data/ -> scratch (fast path)

Starting parallel training on 4 GPUs...
2026-06-01 22:13:45
[GPU 1] Starting cifar10_fedavg_a3fl
[GPU 0] Starting cifar10_benign_iid then cifar10_fedavg_neurotoxin
[GPU 2] Starting cifar10_fedavg_iba
[GPU 3] Starting cifar10_fedavg_chameleon
[GPU 3] Done
[GPU 1] Done
[GPU 2] Done
[GPU 0] Done

All training workers finished.
2026-06-02 04:19:08

--- GPU 0 last 5 lines ---
==================================================================
  Training complete  (6h 5m 14s total)
  Trained : ['cifar10_benign_iid', 'cifar10_fedavg_neurotoxin']
  Skipped : —
==================================================================

--- GPU 1 last 5 lines ---
==================================================================
  Training complete  (2h 33m 16s total)
  Trained : ['cifar10_fedavg_a3fl']
  Skipped : —
==================================================================

--- GPU 2 last 5 lines ---
==================================================================
  Training complete  (2h 51m 27s total)
  Trained : ['cifar10_fedavg_iba']
  Skipped : —
==================================================================

--- GPU 3 last 5 lines ---
==================================================================
  Training complete  (2h 26m 46s total)
  Trained : ['cifar10_fedavg_chameleon']
  Skipped : —
==================================================================

Checkpoint status:
  [OK]      results/cifar10_benign_iid/final_model.pt
  [OK]      results/cifar10_fedavg_neurotoxin/final_model.pt
  [OK]      results/cifar10_fedavg_a3fl/final_model.pt
  [OK]      results/cifar10_fedavg_iba/final_model.pt
  [OK]      results/cifar10_fedavg_chameleon/final_model.pt

Diagnostics skipped (RUN_DIAGNOSTICS=0).
Run manually after training:

  python -m experiments.gradient_alignment.run_all \
      --config        configs/cifar10_fedavg_iba.yaml \
      --benign-checkpoint results/cifar10_benign_iid/final_model.pt \
      --attacks       neurotoxin a3fl iba chameleon \
      --n-batches     200 --batch-size 64 --n-per-class 200 \
      --extended-lemma2 \
      --output-dir    experiments/gradient_alignment/outputs_cifar10 \
      --device        cuda

============================================================
 Job complete: 2026-06-02 04:19:15
============================================================
