17:24:05  INFO      topo_benchmark — Matrix: 1 datasets × 4 attacks × 10 seeds = 40 runs
17:24:05  INFO      topo_benchmark — Status — complete: 0  partial: 0  missing: 40
17:24:05  INFO      topo_benchmark — Time budget: 138.0 h
17:24:05  INFO      topo_benchmark — ▶  cifar10_a3fl_toposentinel_seed0
17:24:05  INFO      experiment.runner — Initialising 'cifar10_a3fl_toposentinel_seed0' | device=cuda | rounds=240 | clients=10/100 | attack=a3fl | defense=toposentinel
17:24:22  ERROR     topo_benchmark — ✗  cifar10_a3fl_toposentinel_seed0 — [Errno 17] File exists: 'data'
Traceback (most recent call last):
  File "/Utilisateurs/abellach/TopoBD/experiments/benchmark/run_toposentinel.py", line 190, in run_one
    FLRunner(config).run()
  File "/Utilisateurs/abellach/TopoBD/experiment/runner.py", line 74, in __init__
    self.adapter = build_adapter(config)
  File "/Utilisateurs/abellach/TopoBD/experiment/utils.py", line 99, in build_adapter
    adapter.setup()
  File "/Utilisateurs/abellach/TopoBD/datasets/adapter.py", line 116, in setup
    self.load_datasets()
  File "/Utilisateurs/abellach/TopoBD/datasets/cifar10.py", line 56, in load_datasets
    self._train_dataset = CIFAR10(
  File "/Utilisateurs/abellach/.conda/envs/toposentinel/lib/python3.10/site-packages/torchvision/datasets/cifar.py", line 66, in __init__
    self.download()
  File "/Utilisateurs/abellach/.conda/envs/toposentinel/lib/python3.10/site-packages/torchvision/datasets/cifar.py", line 140, in download
    download_and_extract_archive(self.url, self.root, filename=self.filename, md5=self.tgz_md5)
  File "/Utilisateurs/abellach/.conda/envs/toposentinel/lib/python3.10/site-packages/torchvision/datasets/utils.py", line 395, in download_and_extract_archive
    download_url(url, download_root, filename, md5)
  File "/Utilisateurs/abellach/.conda/envs/toposentinel/lib/python3.10/site-packages/torchvision/datasets/utils.py", line 111, in download_url
    os.makedirs(root, exist_ok=True)
  File "/Utilisateurs/abellach/.conda/envs/toposentinel/lib/python3.10/os.py", line 225, in makedirs
    mkdir(name, mode)
FileExistsError: [Errno 17] File exists: 'data'
17:24:22  INFO      topo_benchmark — ▶  cifar10_a3fl_toposentinel_seed1
17:24:22  INFO      experiment.runner — Initialising 'cifar10_a3fl_toposentinel_seed1' | device=cuda | rounds=240 | clients=10/100 | attack=a3fl | defense=toposentinel
17:24:22  ERROR     topo_benchmark — ✗  cifar10_a3fl_toposentinel_seed1 — [Errno 17] File exists: 'data'
Traceback (most recent call last):
  File "/Utilisateurs/abellach/TopoBD/experiments/benchmark/run_toposentinel.py", line 190, in run_one
    FLRunner(config).run()
  File "/Utilisateurs/abellach/TopoBD/experiment/runner.py", line 74, in __init__
    self.adapter = build_adapter(config)
  File "/Utilisateurs/abellach/TopoBD/experiment/utils.py", line 99, in build_adapter
    adapter.setup()
  File "/Utilisateurs/abellach/TopoBD/datasets/adapter.py", line 116, in setup
    self.load_datasets()
  File "/Utilisateurs/abellach/TopoBD/datasets/cifar10.py", line 56, in load_datasets
    self._train_dataset = CIFAR10(
  File "/Utilisateurs/abellach/.conda/envs/toposentinel/lib/python3.10/site-packages/torchvision/datasets/cifar.py", line 66, in __init__
    self.download()
  File "/Utilisateurs/abellach/.conda/envs/toposentinel/lib/python3.10/site-packages/torchvision/datasets/cifar.py", line 140, in download
    download_and_extract_archive(self.url, self.root, filename=self.filename, md5=self.tgz_md5)
  File "/Utilisateurs/abellach/.conda/envs/toposentinel/lib/python3.10/site-packages/torchvision/datasets/utils.py", line 395, in download_and_extract_archive
    download_url(url, download_root, filename, md5)
  File "/Utilisateurs/abellach/.conda/envs/toposentinel/lib/python3.10/site-packages/torchvision/datasets/utils.py", line 111, in download_url
    os.makedirs(root, exist_ok=True)
  File "/Utilisateurs/abellach/.conda/envs/toposentinel/lib/python3.10/os.py", line 225, in makedirs
    mkdir(name, mode)
FileExistsError: [Errno 17] File exists: 'data'
17:24:22  INFO      topo_benchmark — ▶  cifar10_a3fl_toposentinel_seed2
17:24:22  INFO      experiment.runner — Initialising 'cifar10_a3fl_toposentinel_seed2' | device=cuda | rounds=240 | clients=10/100 | attack=a3fl | defense=toposentinel
17:24:22  ERROR     topo_benchmark — ✗  cifar10_a3fl_toposentinel_seed2 — [Errno 17] File exists: 'data'
Traceback (most recent call last):
  File "/Utilisateurs/abellach/TopoBD/experiments/benchmark/run_toposentinel.py", line 190, in run_one
    FLRunner(config).run()
  File "/Utilisateurs/abellach/TopoBD/experiment/runner.py", line 74, in __init__
    self.adapter = build_adapter(config)
  File "/Utilisateurs/abellach/TopoBD/experiment/utils.py", line 99, in build_adapter
    adapter.setup()
  File "/Utilisateurs/abellach/TopoBD/datasets/adapter.py", line 116, in setup
    self.load_datasets()
  File "/Utilisateurs/abellach/TopoBD/datasets/cifar10.py", line 56, in load_datasets
    self._train_dataset = CIFAR10(
  File "/Utilisateurs/abellach/.conda/envs/toposentinel/lib/python3.10/site-packages/torchvision/datasets/cifar.py", line 66, in __init__
    self.download()
  File "/Utilisateurs/abellach/.conda/envs/toposentinel/lib/python3.10/site-packages/torchvision/datasets/cifar.py", line 140, in download
    download_and_extract_archive(self.url, self.root, filename=self.filename, md5=self.tgz_md5)
  File "/Utilisateurs/abellach/.conda/envs/toposentinel/lib/python3.10/site-packages/torchvision/datasets/utils.py", line 395, in download_and_extract_archive
    download_url(url, download_root, filename, md5)
  File "/Utilisateurs/abellach/.conda/envs/toposentinel/lib/python3.10/site-packages/torchvision/datasets/utils.py", line 111, in download_url
    os.makedirs(root, exist_ok=True)
  File "/Utilisateurs/abellach/.conda/envs/toposentinel/lib/python3.10/os.py", line 225, in makedirs
    mkdir(name, mode)
FileExistsError: [Errno 17] File exists: 'data'
17:24:22  INFO      topo_benchmark — ▶  cifar10_a3fl_toposentinel_seed3
17:24:22  INFO      experiment.runner — Initialising 'cifar10_a3fl_toposentinel_seed3' | device=cuda | rounds=240 | clients=10/100 | attack=a3fl | defense=toposentinel
17:24:22  ERROR     topo_benchmark — ✗  cifar10_a3fl_toposentinel_seed3 — [Errno 17] File exists: 'data'
Traceback (most recent call last):
  File "/Utilisateurs/abellach/TopoBD/experiments/benchmark/run_toposentinel.py", line 190, in run_one
    FLRunner(config).run()
  File "/Utilisateurs/abellach/TopoBD/experiment/runner.py", line 74, in __init__
    self.adapter = build_adapter(config)
  File "/Utilisateurs/abellach/TopoBD/experiment/utils.py", line 99, in build_adapter
    adapter.setup()
  File "/Utilisateurs/abellach/TopoBD/datasets/adapter.py", line 116, in setup
    self.load_datasets()
  File "/Utilisateurs/abellach/TopoBD/datasets/cifar10.py", line 56, in load_datasets
    self._train_dataset = CIFAR10(
  File "/Utilisateurs/abellach/.conda/envs/toposentinel/lib/python3.10/site-packages/torchvision/datasets/cifar.py", line 66, in __init__
    self.download()
  File "/Utilisateurs/abellach/.conda/envs/toposentinel/lib/python3.10/site-packages/torchvision/datasets/cifar.py", line 140, in download
    download_and_extract_archive(self.url, self.root, filename=self.filename, md5=self.tgz_md5)
  File "/Utilisateurs/abellach/.conda/envs/toposentinel/lib/python3.10/site-packages/torchvision/datasets/utils.py", line 395, in download_and_extract_archive
    download_url(url, download_root, filename, md5)
  File "/Utilisateurs/abellach/.conda/envs/toposentinel/lib/python3.10/site-packages/torchvision/datasets/utils.py", line 111, in download_url
    os.makedirs(root, exist_ok=True)
  File "/Utilisateurs/abellach/.conda/envs/toposentinel/lib/python3.10/os.py", line 225, in makedirs
    mkdir(name, mode)
FileExistsError: [Errno 17] File exists: 'data'
17:24:22  INFO      topo_benchmark — ▶  cifar10_a3fl_toposentinel_seed4
17:24:22  INFO      experiment.runner — Initialising 'cifar10_a3fl_toposentinel_seed4' | device=cuda | rounds=240 | clients=10/100 | attack=a3fl | defense=toposentinel
17:24:22  ERROR     topo_benchmark — ✗  cifar10_a3fl_toposentinel_seed4 — [Errno 17] File exists: 'data'
Traceback (most recent call last):
  File "/Utilisateurs/abellach/TopoBD/experiments/benchmark/run_toposentinel.py", line 190, in run_one
    FLRunner(config).run()
  File "/Utilisateurs/abellach/TopoBD/experiment/runner.py", line 74, in __init__
    self.adapter = build_adapter(config)
  File "/Utilisateurs/abellach/TopoBD/experiment/utils.py", line 99, in build_adapter
    adapter.setup()
  File "/Utilisateurs/abellach/TopoBD/datasets/adapter.py", line 116, in setup
    self.load_datasets()
  File "/Utilisateurs/abellach/TopoBD/datasets/cifar10.py", line 56, in load_datasets
    self._train_dataset = CIFAR10(
  File "/Utilisateurs/abellach/.conda/envs/toposentinel/lib/python3.10/site-packages/torchvision/datasets/cifar.py", line 66, in __init__
    self.download()
  File "/Utilisateurs/abellach/.conda/envs/toposentinel/lib/python3.10/site-packages/torchvision/datasets/cifar.py", line 140, in download
    download_and_extract_archive(self.url, self.root, filename=self.filename, md5=self.tgz_md5)
  File "/Utilisateurs/abellach/.conda/envs/toposentinel/lib/python3.10/site-packages/torchvision/datasets/utils.py", line 395, in download_and_extract_archive
    download_url(url, download_root, filename, md5)
  File "/Utilisateurs/abellach/.conda/envs/toposentinel/lib/python3.10/site-packages/torchvision/datasets/utils.py", line 111, in download_url
    os.makedirs(root, exist_ok=True)
  File "/Utilisateurs/abellach/.conda/envs/toposentinel/lib/python3.10/os.py", line 225, in makedirs
    mkdir(name, mode)
FileExistsError: [Errno 17] File exists: 'data'
17:24:22  INFO      topo_benchmark — ▶  cifar10_a3fl_toposentinel_seed5
17:24:22  INFO      experiment.runner — Initialising 'cifar10_a3fl_toposentinel_seed5' | device=cuda | rounds=240 | clients=10/100 | attack=a3fl | defense=toposentinel
17:24:22  ERROR     topo_benchmark — ✗  cifar10_a3fl_toposentinel_seed5 — [Errno 17] File exists: 'data'
Traceback (most recent call last):
  File "/Utilisateurs/abellach/TopoBD/experiments/benchmark/run_toposentinel.py", line 190, in run_one
    FLRunner(config).run()
  File "/Utilisateurs/abellach/TopoBD/experiment/runner.py", line 74, in __init__
    self.adapter = build_adapter(config)
  File "/Utilisateurs/abellach/TopoBD/experiment/utils.py", line 99, in build_adapter
    adapter.setup()
  File "/Utilisateurs/abellach/TopoBD/datasets/adapter.py", line 116, in setup
    self.load_datasets()
  File "/Utilisateurs/abellach/TopoBD/datasets/cifar10.py", line 56, in load_datasets
    self._train_dataset = CIFAR10(
  File "/Utilisateurs/abellach/.conda/envs/toposentinel/lib/python3.10/site-packages/torchvision/datasets/cifar.py", line 66, in __init__
    self.download()
  File "/Utilisateurs/abellach/.conda/envs/toposentinel/lib/python3.10/site-packages/torchvision/datasets/cifar.py", line 140, in download
    download_and_extract_archive(self.url, self.root, filename=self.filename, md5=self.tgz_md5)
  File "/Utilisateurs/abellach/.conda/envs/toposentinel/lib/python3.10/site-packages/torchvision/datasets/utils.py", line 395, in download_and_extract_archive
    download_url(url, download_root, filename, md5)
  File "/Utilisateurs/abellach/.conda/envs/toposentinel/lib/python3.10/site-packages/torchvision/datasets/utils.py", line 111, in download_url
    os.makedirs(root, exist_ok=True)
  File "/Utilisateurs/abellach/.conda/envs/toposentinel/lib/python3.10/os.py", line 225, in makedirs
    mkdir(name, mode)
FileExistsError: [Errno 17] File exists: 'data'
17:24:22  INFO      topo_benchmark — ▶  cifar10_a3fl_toposentinel_seed6
17:24:22  INFO      experiment.runner — Initialising 'cifar10_a3fl_toposentinel_seed6' | device=cuda | rounds=240 | clients=10/100 | attack=a3fl | defense=toposentinel
17:24:22  ERROR     topo_benchmark — ✗  cifar10_a3fl_toposentinel_seed6 — [Errno 17] File exists: 'data'
Traceback (most recent call last):
  File "/Utilisateurs/abellach/TopoBD/experiments/benchmark/run_toposentinel.py", line 190, in run_one
    FLRunner(config).run()
  File "/Utilisateurs/abellach/TopoBD/experiment/runner.py", line 74, in __init__
    self.adapter = build_adapter(config)
  File "/Utilisateurs/abellach/TopoBD/experiment/utils.py", line 99, in build_adapter
    adapter.setup()
  File "/Utilisateurs/abellach/TopoBD/datasets/adapter.py", line 116, in setup
    self.load_datasets()
  File "/Utilisateurs/abellach/TopoBD/datasets/cifar10.py", line 56, in load_datasets
    self._train_dataset = CIFAR10(
  File "/Utilisateurs/abellach/.conda/envs/toposentinel/lib/python3.10/site-packages/torchvision/datasets/cifar.py", line 66, in __init__
    self.download()
  File "/Utilisateurs/abellach/.conda/envs/toposentinel/lib/python3.10/site-packages/torchvision/datasets/cifar.py", line 140, in download
    download_and_extract_archive(self.url, self.root, filename=self.filename, md5=self.tgz_md5)
  File "/Utilisateurs/abellach/.conda/envs/toposentinel/lib/python3.10/site-packages/torchvision/datasets/utils.py", line 395, in download_and_extract_archive
    download_url(url, download_root, filename, md5)
  File "/Utilisateurs/abellach/.conda/envs/toposentinel/lib/python3.10/site-packages/torchvision/datasets/utils.py", line 111, in download_url
    os.makedirs(root, exist_ok=True)
  File "/Utilisateurs/abellach/.conda/envs/toposentinel/lib/python3.10/os.py", line 225, in makedirs
    mkdir(name, mode)
FileExistsError: [Errno 17] File exists: 'data'
17:24:22  INFO      topo_benchmark — ▶  cifar10_a3fl_toposentinel_seed7
17:24:22  INFO      experiment.runner — Initialising 'cifar10_a3fl_toposentinel_seed7' | device=cuda | rounds=240 | clients=10/100 | attack=a3fl | defense=toposentinel
17:24:22  ERROR     topo_benchmark — ✗  cifar10_a3fl_toposentinel_seed7 — [Errno 17] File exists: 'data'
Traceback (most recent call last):
  File "/Utilisateurs/abellach/TopoBD/experiments/benchmark/run_toposentinel.py", line 190, in run_one
    FLRunner(config).run()
  File "/Utilisateurs/abellach/TopoBD/experiment/runner.py", line 74, in __init__
    self.adapter = build_adapter(config)
  File "/Utilisateurs/abellach/TopoBD/experiment/utils.py", line 99, in build_adapter
    adapter.setup()
  File "/Utilisateurs/abellach/TopoBD/datasets/adapter.py", line 116, in setup
    self.load_datasets()
  File "/Utilisateurs/abellach/TopoBD/datasets/cifar10.py", line 56, in load_datasets
    self._train_dataset = CIFAR10(
  File "/Utilisateurs/abellach/.conda/envs/toposentinel/lib/python3.10/site-packages/torchvision/datasets/cifar.py", line 66, in __init__
    self.download()
  File "/Utilisateurs/abellach/.conda/envs/toposentinel/lib/python3.10/site-packages/torchvision/datasets/cifar.py", line 140, in download
    download_and_extract_archive(self.url, self.root, filename=self.filename, md5=self.tgz_md5)
  File "/Utilisateurs/abellach/.conda/envs/toposentinel/lib/python3.10/site-packages/torchvision/datasets/utils.py", line 395, in download_and_extract_archive
    download_url(url, download_root, filename, md5)
  File "/Utilisateurs/abellach/.conda/envs/toposentinel/lib/python3.10/site-packages/torchvision/datasets/utils.py", line 111, in download_url
    os.makedirs(root, exist_ok=True)
  File "/Utilisateurs/abellach/.conda/envs/toposentinel/lib/python3.10/os.py", line 225, in makedirs
    mkdir(name, mode)
FileExistsError: [Errno 17] File exists: 'data'
17:24:22  INFO      topo_benchmark — ▶  cifar10_a3fl_toposentinel_seed8
17:24:22  INFO      experiment.runner — Initialising 'cifar10_a3fl_toposentinel_seed8' | device=cuda | rounds=240 | clients=10/100 | attack=a3fl | defense=toposentinel
17:24:22  ERROR     topo_benchmark — ✗  cifar10_a3fl_toposentinel_seed8 — [Errno 17] File exists: 'data'
Traceback (most recent call last):
  File "/Utilisateurs/abellach/TopoBD/experiments/benchmark/run_toposentinel.py", line 190, in run_one
    FLRunner(config).run()
  File "/Utilisateurs/abellach/TopoBD/experiment/runner.py", line 74, in __init__
    self.adapter = build_adapter(config)
  File "/Utilisateurs/abellach/TopoBD/experiment/utils.py", line 99, in build_adapter
    adapter.setup()
  File "/Utilisateurs/abellach/TopoBD/datasets/adapter.py", line 116, in setup
    self.load_datasets()
  File "/Utilisateurs/abellach/TopoBD/datasets/cifar10.py", line 56, in load_datasets
    self._train_dataset = CIFAR10(
  File "/Utilisateurs/abellach/.conda/envs/toposentinel/lib/python3.10/site-packages/torchvision/datasets/cifar.py", line 66, in __init__
    self.download()
  File "/Utilisateurs/abellach/.conda/envs/toposentinel/lib/python3.10/site-packages/torchvision/datasets/cifar.py", line 140, in download
    download_and_extract_archive(self.url, self.root, filename=self.filename, md5=self.tgz_md5)
  File "/Utilisateurs/abellach/.conda/envs/toposentinel/lib/python3.10/site-packages/torchvision/datasets/utils.py", line 395, in download_and_extract_archive
    download_url(url, download_root, filename, md5)
  File "/Utilisateurs/abellach/.conda/envs/toposentinel/lib/python3.10/site-packages/torchvision/datasets/utils.py", line 111, in download_url
    os.makedirs(root, exist_ok=True)
  File "/Utilisateurs/abellach/.conda/envs/toposentinel/lib/python3.10/os.py", line 225, in makedirs
    mkdir(name, mode)
FileExistsError: [Errno 17] File exists: 'data'
17:24:22  INFO      topo_benchmark — ▶  cifar10_a3fl_toposentinel_seed9
17:24:22  INFO      experiment.runner — Initialising 'cifar10_a3fl_toposentinel_seed9' | device=cuda | rounds=240 | clients=10/100 | attack=a3fl | defense=toposentinel
17:24:22  ERROR     topo_benchmark — ✗  cifar10_a3fl_toposentinel_seed9 — [Errno 17] File exists: 'data'
Traceback (most recent call last):
  File "/Utilisateurs/abellach/TopoBD/experiments/benchmark/run_toposentinel.py", line 190, in run_one
    FLRunner(config).run()
  File "/Utilisateurs/abellach/TopoBD/experiment/runner.py", line 74, in __init__
    self.adapter = build_adapter(config)
  File "/Utilisateurs/abellach/TopoBD/experiment/utils.py", line 99, in build_adapter
    adapter.setup()
  File "/Utilisateurs/abellach/TopoBD/datasets/adapter.py", line 116, in setup
    self.load_datasets()
  File "/Utilisateurs/abellach/TopoBD/datasets/cifar10.py", line 56, in load_datasets
    self._train_dataset = CIFAR10(
  File "/Utilisateurs/abellach/.conda/envs/toposentinel/lib/python3.10/site-packages/torchvision/datasets/cifar.py", line 66, in __init__
    self.download()
  File "/Utilisateurs/abellach/.conda/envs/toposentinel/lib/python3.10/site-packages/torchvision/datasets/cifar.py", line 140, in download
    download_and_extract_archive(self.url, self.root, filename=self.filename, md5=self.tgz_md5)
  File "/Utilisateurs/abellach/.conda/envs/toposentinel/lib/python3.10/site-packages/torchvision/datasets/utils.py", line 395, in download_and_extract_archive
    download_url(url, download_root, filename, md5)
  File "/Utilisateurs/abellach/.conda/envs/toposentinel/lib/python3.10/site-packages/torchvision/datasets/utils.py", line 111, in download_url
    os.makedirs(root, exist_ok=True)
  File "/Utilisateurs/abellach/.conda/envs/toposentinel/lib/python3.10/os.py", line 225, in makedirs
    mkdir(name, mode)
FileExistsError: [Errno 17] File exists: 'data'
17:24:22  INFO      topo_benchmark — ▶  cifar10_iba_toposentinel_seed0
17:24:22  INFO      experiment.runner — Initialising 'cifar10_iba_toposentinel_seed0' | device=cuda | rounds=240 | clients=10/100 | attack=iba | defense=toposentinel
17:24:22  ERROR     topo_benchmark — ✗  cifar10_iba_toposentinel_seed0 — [Errno 17] File exists: 'data'
Traceback (most recent call last):
  File "/Utilisateurs/abellach/TopoBD/experiments/benchmark/run_toposentinel.py", line 190, in run_one
    FLRunner(config).run()
  File "/Utilisateurs/abellach/TopoBD/experiment/runner.py", line 74, in __init__
    self.adapter = build_adapter(config)
  File "/Utilisateurs/abellach/TopoBD/experiment/utils.py", line 99, in build_adapter
    adapter.setup()
  File "/Utilisateurs/abellach/TopoBD/datasets/adapter.py", line 116, in setup
    self.load_datasets()
  File "/Utilisateurs/abellach/TopoBD/datasets/cifar10.py", line 56, in load_datasets
    self._train_dataset = CIFAR10(
  File "/Utilisateurs/abellach/.conda/envs/toposentinel/lib/python3.10/site-packages/torchvision/datasets/cifar.py", line 66, in __init__
    self.download()
  File "/Utilisateurs/abellach/.conda/envs/toposentinel/lib/python3.10/site-packages/torchvision/datasets/cifar.py", line 140, in download
    download_and_extract_archive(self.url, self.root, filename=self.filename, md5=self.tgz_md5)
  File "/Utilisateurs/abellach/.conda/envs/toposentinel/lib/python3.10/site-packages/torchvision/datasets/utils.py", line 395, in download_and_extract_archive
    download_url(url, download_root, filename, md5)
  File "/Utilisateurs/abellach/.conda/envs/toposentinel/lib/python3.10/site-packages/torchvision/datasets/utils.py", line 111, in download_url
    os.makedirs(root, exist_ok=True)
  File "/Utilisateurs/abellach/.conda/envs/toposentinel/lib/python3.10/os.py", line 225, in makedirs
    mkdir(name, mode)
FileExistsError: [Errno 17] File exists: 'data'
17:24:22  INFO      topo_benchmark — ▶  cifar10_iba_toposentinel_seed1
17:24:22  INFO      experiment.runner — Initialising 'cifar10_iba_toposentinel_seed1' | device=cuda | rounds=240 | clients=10/100 | attack=iba | defense=toposentinel
17:24:22  ERROR     topo_benchmark — ✗  cifar10_iba_toposentinel_seed1 — [Errno 17] File exists: 'data'
Traceback (most recent call last):
  File "/Utilisateurs/abellach/TopoBD/experiments/benchmark/run_toposentinel.py", line 190, in run_one
    FLRunner(config).run()
  File "/Utilisateurs/abellach/TopoBD/experiment/runner.py", line 74, in __init__
    self.adapter = build_adapter(config)
  File "/Utilisateurs/abellach/TopoBD/experiment/utils.py", line 99, in build_adapter
    adapter.setup()
  File "/Utilisateurs/abellach/TopoBD/datasets/adapter.py", line 116, in setup
    self.load_datasets()
  File "/Utilisateurs/abellach/TopoBD/datasets/cifar10.py", line 56, in load_datasets
    self._train_dataset = CIFAR10(
  File "/Utilisateurs/abellach/.conda/envs/toposentinel/lib/python3.10/site-packages/torchvision/datasets/cifar.py", line 66, in __init__
    self.download()
  File "/Utilisateurs/abellach/.conda/envs/toposentinel/lib/python3.10/site-packages/torchvision/datasets/cifar.py", line 140, in download
    download_and_extract_archive(self.url, self.root, filename=self.filename, md5=self.tgz_md5)
  File "/Utilisateurs/abellach/.conda/envs/toposentinel/lib/python3.10/site-packages/torchvision/datasets/utils.py", line 395, in download_and_extract_archive
    download_url(url, download_root, filename, md5)
  File "/Utilisateurs/abellach/.conda/envs/toposentinel/lib/python3.10/site-packages/torchvision/datasets/utils.py", line 111, in download_url
    os.makedirs(root, exist_ok=True)
  File "/Utilisateurs/abellach/.conda/envs/toposentinel/lib/python3.10/os.py", line 225, in makedirs
    mkdir(name, mode)
FileExistsError: [Errno 17] File exists: 'data'
17:24:22  INFO      topo_benchmark — ▶  cifar10_iba_toposentinel_seed2
17:24:22  INFO      experiment.runner — Initialising 'cifar10_iba_toposentinel_seed2' | device=cuda | rounds=240 | clients=10/100 | attack=iba | defense=toposentinel
17:24:22  ERROR     topo_benchmark — ✗  cifar10_iba_toposentinel_seed2 — [Errno 17] File exists: 'data'
Traceback (most recent call last):
  File "/Utilisateurs/abellach/TopoBD/experiments/benchmark/run_toposentinel.py", line 190, in run_one
    FLRunner(config).run()
  File "/Utilisateurs/abellach/TopoBD/experiment/runner.py", line 74, in __init__
    self.adapter = build_adapter(config)
  File "/Utilisateurs/abellach/TopoBD/experiment/utils.py", line 99, in build_adapter
    adapter.setup()
  File "/Utilisateurs/abellach/TopoBD/datasets/adapter.py", line 116, in setup
    self.load_datasets()
  File "/Utilisateurs/abellach/TopoBD/datasets/cifar10.py", line 56, in load_datasets
    self._train_dataset = CIFAR10(
  File "/Utilisateurs/abellach/.conda/envs/toposentinel/lib/python3.10/site-packages/torchvision/datasets/cifar.py", line 66, in __init__
    self.download()
  File "/Utilisateurs/abellach/.conda/envs/toposentinel/lib/python3.10/site-packages/torchvision/datasets/cifar.py", line 140, in download
    download_and_extract_archive(self.url, self.root, filename=self.filename, md5=self.tgz_md5)
  File "/Utilisateurs/abellach/.conda/envs/toposentinel/lib/python3.10/site-packages/torchvision/datasets/utils.py", line 395, in download_and_extract_archive
    download_url(url, download_root, filename, md5)
  File "/Utilisateurs/abellach/.conda/envs/toposentinel/lib/python3.10/site-packages/torchvision/datasets/utils.py", line 111, in download_url
    os.makedirs(root, exist_ok=True)
  File "/Utilisateurs/abellach/.conda/envs/toposentinel/lib/python3.10/os.py", line 225, in makedirs
    mkdir(name, mode)
FileExistsError: [Errno 17] File exists: 'data'
17:24:22  INFO      topo_benchmark — ▶  cifar10_iba_toposentinel_seed3
17:24:22  INFO      experiment.runner — Initialising 'cifar10_iba_toposentinel_seed3' | device=cuda | rounds=240 | clients=10/100 | attack=iba | defense=toposentinel
17:24:22  ERROR     topo_benchmark — ✗  cifar10_iba_toposentinel_seed3 — [Errno 17] File exists: 'data'
Traceback (most recent call last):
  File "/Utilisateurs/abellach/TopoBD/experiments/benchmark/run_toposentinel.py", line 190, in run_one
    FLRunner(config).run()
  File "/Utilisateurs/abellach/TopoBD/experiment/runner.py", line 74, in __init__
    self.adapter = build_adapter(config)
  File "/Utilisateurs/abellach/TopoBD/experiment/utils.py", line 99, in build_adapter
    adapter.setup()
  File "/Utilisateurs/abellach/TopoBD/datasets/adapter.py", line 116, in setup
    self.load_datasets()
  File "/Utilisateurs/abellach/TopoBD/datasets/cifar10.py", line 56, in load_datasets
    self._train_dataset = CIFAR10(
  File "/Utilisateurs/abellach/.conda/envs/toposentinel/lib/python3.10/site-packages/torchvision/datasets/cifar.py", line 66, in __init__
    self.download()
  File "/Utilisateurs/abellach/.conda/envs/toposentinel/lib/python3.10/site-packages/torchvision/datasets/cifar.py", line 140, in download
    download_and_extract_archive(self.url, self.root, filename=self.filename, md5=self.tgz_md5)
  File "/Utilisateurs/abellach/.conda/envs/toposentinel/lib/python3.10/site-packages/torchvision/datasets/utils.py", line 395, in download_and_extract_archive
    download_url(url, download_root, filename, md5)
  File "/Utilisateurs/abellach/.conda/envs/toposentinel/lib/python3.10/site-packages/torchvision/datasets/utils.py", line 111, in download_url
    os.makedirs(root, exist_ok=True)
  File "/Utilisateurs/abellach/.conda/envs/toposentinel/lib/python3.10/os.py", line 225, in makedirs
    mkdir(name, mode)
FileExistsError: [Errno 17] File exists: 'data'
17:24:22  INFO      topo_benchmark — ▶  cifar10_iba_toposentinel_seed4
17:24:22  INFO      experiment.runner — Initialising 'cifar10_iba_toposentinel_seed4' | device=cuda | rounds=240 | clients=10/100 | attack=iba | defense=toposentinel
17:24:22  ERROR     topo_benchmark — ✗  cifar10_iba_toposentinel_seed4 — [Errno 17] File exists: 'data'
Traceback (most recent call last):
  File "/Utilisateurs/abellach/TopoBD/experiments/benchmark/run_toposentinel.py", line 190, in run_one
    FLRunner(config).run()
  File "/Utilisateurs/abellach/TopoBD/experiment/runner.py", line 74, in __init__
    self.adapter = build_adapter(config)
  File "/Utilisateurs/abellach/TopoBD/experiment/utils.py", line 99, in build_adapter
    adapter.setup()
  File "/Utilisateurs/abellach/TopoBD/datasets/adapter.py", line 116, in setup
    self.load_datasets()
  File "/Utilisateurs/abellach/TopoBD/datasets/cifar10.py", line 56, in load_datasets
    self._train_dataset = CIFAR10(
  File "/Utilisateurs/abellach/.conda/envs/toposentinel/lib/python3.10/site-packages/torchvision/datasets/cifar.py", line 66, in __init__
    self.download()
  File "/Utilisateurs/abellach/.conda/envs/toposentinel/lib/python3.10/site-packages/torchvision/datasets/cifar.py", line 140, in download
    download_and_extract_archive(self.url, self.root, filename=self.filename, md5=self.tgz_md5)
  File "/Utilisateurs/abellach/.conda/envs/toposentinel/lib/python3.10/site-packages/torchvision/datasets/utils.py", line 395, in download_and_extract_archive
    download_url(url, download_root, filename, md5)
  File "/Utilisateurs/abellach/.conda/envs/toposentinel/lib/python3.10/site-packages/torchvision/datasets/utils.py", line 111, in download_url
    os.makedirs(root, exist_ok=True)
  File "/Utilisateurs/abellach/.conda/envs/toposentinel/lib/python3.10/os.py", line 225, in makedirs
    mkdir(name, mode)
FileExistsError: [Errno 17] File exists: 'data'
17:24:22  INFO      topo_benchmark — ▶  cifar10_iba_toposentinel_seed5
17:24:22  INFO      experiment.runner — Initialising 'cifar10_iba_toposentinel_seed5' | device=cuda | rounds=240 | clients=10/100 | attack=iba | defense=toposentinel
17:24:22  ERROR     topo_benchmark — ✗  cifar10_iba_toposentinel_seed5 — [Errno 17] File exists: 'data'
Traceback (most recent call last):
  File "/Utilisateurs/abellach/TopoBD/experiments/benchmark/run_toposentinel.py", line 190, in run_one
    FLRunner(config).run()
  File "/Utilisateurs/abellach/TopoBD/experiment/runner.py", line 74, in __init__
    self.adapter = build_adapter(config)
  File "/Utilisateurs/abellach/TopoBD/experiment/utils.py", line 99, in build_adapter
    adapter.setup()
  File "/Utilisateurs/abellach/TopoBD/datasets/adapter.py", line 116, in setup
    self.load_datasets()
  File "/Utilisateurs/abellach/TopoBD/datasets/cifar10.py", line 56, in load_datasets
    self._train_dataset = CIFAR10(
  File "/Utilisateurs/abellach/.conda/envs/toposentinel/lib/python3.10/site-packages/torchvision/datasets/cifar.py", line 66, in __init__
    self.download()
  File "/Utilisateurs/abellach/.conda/envs/toposentinel/lib/python3.10/site-packages/torchvision/datasets/cifar.py", line 140, in download
    download_and_extract_archive(self.url, self.root, filename=self.filename, md5=self.tgz_md5)
  File "/Utilisateurs/abellach/.conda/envs/toposentinel/lib/python3.10/site-packages/torchvision/datasets/utils.py", line 395, in download_and_extract_archive
    download_url(url, download_root, filename, md5)
  File "/Utilisateurs/abellach/.conda/envs/toposentinel/lib/python3.10/site-packages/torchvision/datasets/utils.py", line 111, in download_url
    os.makedirs(root, exist_ok=True)
  File "/Utilisateurs/abellach/.conda/envs/toposentinel/lib/python3.10/os.py", line 225, in makedirs
    mkdir(name, mode)
FileExistsError: [Errno 17] File exists: 'data'
17:24:22  INFO      topo_benchmark — ▶  cifar10_iba_toposentinel_seed6
17:24:22  INFO      experiment.runner — Initialising 'cifar10_iba_toposentinel_seed6' | device=cuda | rounds=240 | clients=10/100 | attack=iba | defense=toposentinel
17:24:22  ERROR     topo_benchmark — ✗  cifar10_iba_toposentinel_seed6 — [Errno 17] File exists: 'data'
Traceback (most recent call last):
  File "/Utilisateurs/abellach/TopoBD/experiments/benchmark/run_toposentinel.py", line 190, in run_one
    FLRunner(config).run()
  File "/Utilisateurs/abellach/TopoBD/experiment/runner.py", line 74, in __init__
    self.adapter = build_adapter(config)
  File "/Utilisateurs/abellach/TopoBD/experiment/utils.py", line 99, in build_adapter
    adapter.setup()
  File "/Utilisateurs/abellach/TopoBD/datasets/adapter.py", line 116, in setup
    self.load_datasets()
  File "/Utilisateurs/abellach/TopoBD/datasets/cifar10.py", line 56, in load_datasets
    self._train_dataset = CIFAR10(
  File "/Utilisateurs/abellach/.conda/envs/toposentinel/lib/python3.10/site-packages/torchvision/datasets/cifar.py", line 66, in __init__
    self.download()
  File "/Utilisateurs/abellach/.conda/envs/toposentinel/lib/python3.10/site-packages/torchvision/datasets/cifar.py", line 140, in download
    download_and_extract_archive(self.url, self.root, filename=self.filename, md5=self.tgz_md5)
  File "/Utilisateurs/abellach/.conda/envs/toposentinel/lib/python3.10/site-packages/torchvision/datasets/utils.py", line 395, in download_and_extract_archive
    download_url(url, download_root, filename, md5)
  File "/Utilisateurs/abellach/.conda/envs/toposentinel/lib/python3.10/site-packages/torchvision/datasets/utils.py", line 111, in download_url
    os.makedirs(root, exist_ok=True)
  File "/Utilisateurs/abellach/.conda/envs/toposentinel/lib/python3.10/os.py", line 225, in makedirs
    mkdir(name, mode)
FileExistsError: [Errno 17] File exists: 'data'
17:24:22  INFO      topo_benchmark — ▶  cifar10_iba_toposentinel_seed7
17:24:22  INFO      experiment.runner — Initialising 'cifar10_iba_toposentinel_seed7' | device=cuda | rounds=240 | clients=10/100 | attack=iba | defense=toposentinel
17:24:22  ERROR     topo_benchmark — ✗  cifar10_iba_toposentinel_seed7 — [Errno 17] File exists: 'data'
Traceback (most recent call last):
  File "/Utilisateurs/abellach/TopoBD/experiments/benchmark/run_toposentinel.py", line 190, in run_one
    FLRunner(config).run()
  File "/Utilisateurs/abellach/TopoBD/experiment/runner.py", line 74, in __init__
    self.adapter = build_adapter(config)
  File "/Utilisateurs/abellach/TopoBD/experiment/utils.py", line 99, in build_adapter
    adapter.setup()
  File "/Utilisateurs/abellach/TopoBD/datasets/adapter.py", line 116, in setup
    self.load_datasets()
  File "/Utilisateurs/abellach/TopoBD/datasets/cifar10.py", line 56, in load_datasets
    self._train_dataset = CIFAR10(
  File "/Utilisateurs/abellach/.conda/envs/toposentinel/lib/python3.10/site-packages/torchvision/datasets/cifar.py", line 66, in __init__
    self.download()
  File "/Utilisateurs/abellach/.conda/envs/toposentinel/lib/python3.10/site-packages/torchvision/datasets/cifar.py", line 140, in download
    download_and_extract_archive(self.url, self.root, filename=self.filename, md5=self.tgz_md5)
  File "/Utilisateurs/abellach/.conda/envs/toposentinel/lib/python3.10/site-packages/torchvision/datasets/utils.py", line 395, in download_and_extract_archive
    download_url(url, download_root, filename, md5)
  File "/Utilisateurs/abellach/.conda/envs/toposentinel/lib/python3.10/site-packages/torchvision/datasets/utils.py", line 111, in download_url
    os.makedirs(root, exist_ok=True)
  File "/Utilisateurs/abellach/.conda/envs/toposentinel/lib/python3.10/os.py", line 225, in makedirs
    mkdir(name, mode)
FileExistsError: [Errno 17] File exists: 'data'
17:24:22  INFO      topo_benchmark — ▶  cifar10_iba_toposentinel_seed8
17:24:22  INFO      experiment.runner — Initialising 'cifar10_iba_toposentinel_seed8' | device=cuda | rounds=240 | clients=10/100 | attack=iba | defense=toposentinel
17:24:22  ERROR     topo_benchmark — ✗  cifar10_iba_toposentinel_seed8 — [Errno 17] File exists: 'data'
Traceback (most recent call last):
  File "/Utilisateurs/abellach/TopoBD/experiments/benchmark/run_toposentinel.py", line 190, in run_one
    FLRunner(config).run()
  File "/Utilisateurs/abellach/TopoBD/experiment/runner.py", line 74, in __init__
    self.adapter = build_adapter(config)
  File "/Utilisateurs/abellach/TopoBD/experiment/utils.py", line 99, in build_adapter
    adapter.setup()
  File "/Utilisateurs/abellach/TopoBD/datasets/adapter.py", line 116, in setup
    self.load_datasets()
  File "/Utilisateurs/abellach/TopoBD/datasets/cifar10.py", line 56, in load_datasets
    self._train_dataset = CIFAR10(
  File "/Utilisateurs/abellach/.conda/envs/toposentinel/lib/python3.10/site-packages/torchvision/datasets/cifar.py", line 66, in __init__
    self.download()
  File "/Utilisateurs/abellach/.conda/envs/toposentinel/lib/python3.10/site-packages/torchvision/datasets/cifar.py", line 140, in download
    download_and_extract_archive(self.url, self.root, filename=self.filename, md5=self.tgz_md5)
  File "/Utilisateurs/abellach/.conda/envs/toposentinel/lib/python3.10/site-packages/torchvision/datasets/utils.py", line 395, in download_and_extract_archive
    download_url(url, download_root, filename, md5)
  File "/Utilisateurs/abellach/.conda/envs/toposentinel/lib/python3.10/site-packages/torchvision/datasets/utils.py", line 111, in download_url
    os.makedirs(root, exist_ok=True)
  File "/Utilisateurs/abellach/.conda/envs/toposentinel/lib/python3.10/os.py", line 225, in makedirs
    mkdir(name, mode)
FileExistsError: [Errno 17] File exists: 'data'
17:24:22  INFO      topo_benchmark — ▶  cifar10_iba_toposentinel_seed9
17:24:22  INFO      experiment.runner — Initialising 'cifar10_iba_toposentinel_seed9' | device=cuda | rounds=240 | clients=10/100 | attack=iba | defense=toposentinel
17:24:22  ERROR     topo_benchmark — ✗  cifar10_iba_toposentinel_seed9 — [Errno 17] File exists: 'data'
Traceback (most recent call last):
  File "/Utilisateurs/abellach/TopoBD/experiments/benchmark/run_toposentinel.py", line 190, in run_one
    FLRunner(config).run()
  File "/Utilisateurs/abellach/TopoBD/experiment/runner.py", line 74, in __init__
    self.adapter = build_adapter(config)
  File "/Utilisateurs/abellach/TopoBD/experiment/utils.py", line 99, in build_adapter
    adapter.setup()
  File "/Utilisateurs/abellach/TopoBD/datasets/adapter.py", line 116, in setup
    self.load_datasets()
  File "/Utilisateurs/abellach/TopoBD/datasets/cifar10.py", line 56, in load_datasets
    self._train_dataset = CIFAR10(
  File "/Utilisateurs/abellach/.conda/envs/toposentinel/lib/python3.10/site-packages/torchvision/datasets/cifar.py", line 66, in __init__
    self.download()
  File "/Utilisateurs/abellach/.conda/envs/toposentinel/lib/python3.10/site-packages/torchvision/datasets/cifar.py", line 140, in download
    download_and_extract_archive(self.url, self.root, filename=self.filename, md5=self.tgz_md5)
  File "/Utilisateurs/abellach/.conda/envs/toposentinel/lib/python3.10/site-packages/torchvision/datasets/utils.py", line 395, in download_and_extract_archive
    download_url(url, download_root, filename, md5)
  File "/Utilisateurs/abellach/.conda/envs/toposentinel/lib/python3.10/site-packages/torchvision/datasets/utils.py", line 111, in download_url
    os.makedirs(root, exist_ok=True)
  File "/Utilisateurs/abellach/.conda/envs/toposentinel/lib/python3.10/os.py", line 225, in makedirs
    mkdir(name, mode)
FileExistsError: [Errno 17] File exists: 'data'
17:24:22  INFO      topo_benchmark — ▶  cifar10_neurotoxin_toposentinel_seed0
17:24:22  INFO      experiment.runner — Initialising 'cifar10_neurotoxin_toposentinel_seed0' | device=cuda | rounds=240 | clients=10/100 | attack=neurotoxin | defense=toposentinel
17:24:22  ERROR     topo_benchmark — ✗  cifar10_neurotoxin_toposentinel_seed0 — [Errno 17] File exists: 'data'
Traceback (most recent call last):
  File "/Utilisateurs/abellach/TopoBD/experiments/benchmark/run_toposentinel.py", line 190, in run_one
    FLRunner(config).run()
  File "/Utilisateurs/abellach/TopoBD/experiment/runner.py", line 74, in __init__
    self.adapter = build_adapter(config)
  File "/Utilisateurs/abellach/TopoBD/experiment/utils.py", line 99, in build_adapter
    adapter.setup()
  File "/Utilisateurs/abellach/TopoBD/datasets/adapter.py", line 116, in setup
    self.load_datasets()
  File "/Utilisateurs/abellach/TopoBD/datasets/cifar10.py", line 56, in load_datasets
    self._train_dataset = CIFAR10(
  File "/Utilisateurs/abellach/.conda/envs/toposentinel/lib/python3.10/site-packages/torchvision/datasets/cifar.py", line 66, in __init__
    self.download()
  File "/Utilisateurs/abellach/.conda/envs/toposentinel/lib/python3.10/site-packages/torchvision/datasets/cifar.py", line 140, in download
    download_and_extract_archive(self.url, self.root, filename=self.filename, md5=self.tgz_md5)
  File "/Utilisateurs/abellach/.conda/envs/toposentinel/lib/python3.10/site-packages/torchvision/datasets/utils.py", line 395, in download_and_extract_archive
    download_url(url, download_root, filename, md5)
  File "/Utilisateurs/abellach/.conda/envs/toposentinel/lib/python3.10/site-packages/torchvision/datasets/utils.py", line 111, in download_url
    os.makedirs(root, exist_ok=True)
  File "/Utilisateurs/abellach/.conda/envs/toposentinel/lib/python3.10/os.py", line 225, in makedirs
    mkdir(name, mode)
FileExistsError: [Errno 17] File exists: 'data'
17:24:22  INFO      topo_benchmark — ▶  cifar10_neurotoxin_toposentinel_seed1
17:24:22  INFO      experiment.runner — Initialising 'cifar10_neurotoxin_toposentinel_seed1' | device=cuda | rounds=240 | clients=10/100 | attack=neurotoxin | defense=toposentinel
17:24:22  ERROR     topo_benchmark — ✗  cifar10_neurotoxin_toposentinel_seed1 — [Errno 17] File exists: 'data'
Traceback (most recent call last):
  File "/Utilisateurs/abellach/TopoBD/experiments/benchmark/run_toposentinel.py", line 190, in run_one
    FLRunner(config).run()
  File "/Utilisateurs/abellach/TopoBD/experiment/runner.py", line 74, in __init__
    self.adapter = build_adapter(config)
  File "/Utilisateurs/abellach/TopoBD/experiment/utils.py", line 99, in build_adapter
    adapter.setup()
  File "/Utilisateurs/abellach/TopoBD/datasets/adapter.py", line 116, in setup
    self.load_datasets()
  File "/Utilisateurs/abellach/TopoBD/datasets/cifar10.py", line 56, in load_datasets
    self._train_dataset = CIFAR10(
  File "/Utilisateurs/abellach/.conda/envs/toposentinel/lib/python3.10/site-packages/torchvision/datasets/cifar.py", line 66, in __init__
    self.download()
  File "/Utilisateurs/abellach/.conda/envs/toposentinel/lib/python3.10/site-packages/torchvision/datasets/cifar.py", line 140, in download
    download_and_extract_archive(self.url, self.root, filename=self.filename, md5=self.tgz_md5)
  File "/Utilisateurs/abellach/.conda/envs/toposentinel/lib/python3.10/site-packages/torchvision/datasets/utils.py", line 395, in download_and_extract_archive
    download_url(url, download_root, filename, md5)
  File "/Utilisateurs/abellach/.conda/envs/toposentinel/lib/python3.10/site-packages/torchvision/datasets/utils.py", line 111, in download_url
    os.makedirs(root, exist_ok=True)
  File "/Utilisateurs/abellach/.conda/envs/toposentinel/lib/python3.10/os.py", line 225, in makedirs
    mkdir(name, mode)
FileExistsError: [Errno 17] File exists: 'data'
17:24:22  INFO      topo_benchmark — ▶  cifar10_neurotoxin_toposentinel_seed2
17:24:22  INFO      experiment.runner — Initialising 'cifar10_neurotoxin_toposentinel_seed2' | device=cuda | rounds=240 | clients=10/100 | attack=neurotoxin | defense=toposentinel
17:24:22  ERROR     topo_benchmark — ✗  cifar10_neurotoxin_toposentinel_seed2 — [Errno 17] File exists: 'data'
Traceback (most recent call last):
  File "/Utilisateurs/abellach/TopoBD/experiments/benchmark/run_toposentinel.py", line 190, in run_one
    FLRunner(config).run()
  File "/Utilisateurs/abellach/TopoBD/experiment/runner.py", line 74, in __init__
    self.adapter = build_adapter(config)
  File "/Utilisateurs/abellach/TopoBD/experiment/utils.py", line 99, in build_adapter
    adapter.setup()
  File "/Utilisateurs/abellach/TopoBD/datasets/adapter.py", line 116, in setup
    self.load_datasets()
  File "/Utilisateurs/abellach/TopoBD/datasets/cifar10.py", line 56, in load_datasets
    self._train_dataset = CIFAR10(
  File "/Utilisateurs/abellach/.conda/envs/toposentinel/lib/python3.10/site-packages/torchvision/datasets/cifar.py", line 66, in __init__
    self.download()
  File "/Utilisateurs/abellach/.conda/envs/toposentinel/lib/python3.10/site-packages/torchvision/datasets/cifar.py", line 140, in download
    download_and_extract_archive(self.url, self.root, filename=self.filename, md5=self.tgz_md5)
  File "/Utilisateurs/abellach/.conda/envs/toposentinel/lib/python3.10/site-packages/torchvision/datasets/utils.py", line 395, in download_and_extract_archive
    download_url(url, download_root, filename, md5)
  File "/Utilisateurs/abellach/.conda/envs/toposentinel/lib/python3.10/site-packages/torchvision/datasets/utils.py", line 111, in download_url
    os.makedirs(root, exist_ok=True)
  File "/Utilisateurs/abellach/.conda/envs/toposentinel/lib/python3.10/os.py", line 225, in makedirs
    mkdir(name, mode)
FileExistsError: [Errno 17] File exists: 'data'
17:24:22  INFO      topo_benchmark — ▶  cifar10_neurotoxin_toposentinel_seed3
17:24:22  INFO      experiment.runner — Initialising 'cifar10_neurotoxin_toposentinel_seed3' | device=cuda | rounds=240 | clients=10/100 | attack=neurotoxin | defense=toposentinel
17:24:22  ERROR     topo_benchmark — ✗  cifar10_neurotoxin_toposentinel_seed3 — [Errno 17] File exists: 'data'
Traceback (most recent call last):
  File "/Utilisateurs/abellach/TopoBD/experiments/benchmark/run_toposentinel.py", line 190, in run_one
    FLRunner(config).run()
  File "/Utilisateurs/abellach/TopoBD/experiment/runner.py", line 74, in __init__
    self.adapter = build_adapter(config)
  File "/Utilisateurs/abellach/TopoBD/experiment/utils.py", line 99, in build_adapter
    adapter.setup()
  File "/Utilisateurs/abellach/TopoBD/datasets/adapter.py", line 116, in setup
    self.load_datasets()
  File "/Utilisateurs/abellach/TopoBD/datasets/cifar10.py", line 56, in load_datasets
    self._train_dataset = CIFAR10(
  File "/Utilisateurs/abellach/.conda/envs/toposentinel/lib/python3.10/site-packages/torchvision/datasets/cifar.py", line 66, in __init__
    self.download()
  File "/Utilisateurs/abellach/.conda/envs/toposentinel/lib/python3.10/site-packages/torchvision/datasets/cifar.py", line 140, in download
    download_and_extract_archive(self.url, self.root, filename=self.filename, md5=self.tgz_md5)
  File "/Utilisateurs/abellach/.conda/envs/toposentinel/lib/python3.10/site-packages/torchvision/datasets/utils.py", line 395, in download_and_extract_archive
    download_url(url, download_root, filename, md5)
  File "/Utilisateurs/abellach/.conda/envs/toposentinel/lib/python3.10/site-packages/torchvision/datasets/utils.py", line 111, in download_url
    os.makedirs(root, exist_ok=True)
  File "/Utilisateurs/abellach/.conda/envs/toposentinel/lib/python3.10/os.py", line 225, in makedirs
    mkdir(name, mode)
FileExistsError: [Errno 17] File exists: 'data'
17:24:22  INFO      topo_benchmark — ▶  cifar10_neurotoxin_toposentinel_seed4
17:24:22  INFO      experiment.runner — Initialising 'cifar10_neurotoxin_toposentinel_seed4' | device=cuda | rounds=240 | clients=10/100 | attack=neurotoxin | defense=toposentinel
17:24:22  ERROR     topo_benchmark — ✗  cifar10_neurotoxin_toposentinel_seed4 — [Errno 17] File exists: 'data'
Traceback (most recent call last):
  File "/Utilisateurs/abellach/TopoBD/experiments/benchmark/run_toposentinel.py", line 190, in run_one
    FLRunner(config).run()
  File "/Utilisateurs/abellach/TopoBD/experiment/runner.py", line 74, in __init__
    self.adapter = build_adapter(config)
  File "/Utilisateurs/abellach/TopoBD/experiment/utils.py", line 99, in build_adapter
    adapter.setup()
  File "/Utilisateurs/abellach/TopoBD/datasets/adapter.py", line 116, in setup
    self.load_datasets()
  File "/Utilisateurs/abellach/TopoBD/datasets/cifar10.py", line 56, in load_datasets
    self._train_dataset = CIFAR10(
  File "/Utilisateurs/abellach/.conda/envs/toposentinel/lib/python3.10/site-packages/torchvision/datasets/cifar.py", line 66, in __init__
    self.download()
  File "/Utilisateurs/abellach/.conda/envs/toposentinel/lib/python3.10/site-packages/torchvision/datasets/cifar.py", line 140, in download
    download_and_extract_archive(self.url, self.root, filename=self.filename, md5=self.tgz_md5)
  File "/Utilisateurs/abellach/.conda/envs/toposentinel/lib/python3.10/site-packages/torchvision/datasets/utils.py", line 395, in download_and_extract_archive
    download_url(url, download_root, filename, md5)
  File "/Utilisateurs/abellach/.conda/envs/toposentinel/lib/python3.10/site-packages/torchvision/datasets/utils.py", line 111, in download_url
    os.makedirs(root, exist_ok=True)
  File "/Utilisateurs/abellach/.conda/envs/toposentinel/lib/python3.10/os.py", line 225, in makedirs
    mkdir(name, mode)
FileExistsError: [Errno 17] File exists: 'data'
17:24:22  INFO      topo_benchmark — ▶  cifar10_neurotoxin_toposentinel_seed5
17:24:22  INFO      experiment.runner — Initialising 'cifar10_neurotoxin_toposentinel_seed5' | device=cuda | rounds=240 | clients=10/100 | attack=neurotoxin | defense=toposentinel
17:24:22  ERROR     topo_benchmark — ✗  cifar10_neurotoxin_toposentinel_seed5 — [Errno 17] File exists: 'data'
Traceback (most recent call last):
  File "/Utilisateurs/abellach/TopoBD/experiments/benchmark/run_toposentinel.py", line 190, in run_one
    FLRunner(config).run()
  File "/Utilisateurs/abellach/TopoBD/experiment/runner.py", line 74, in __init__
    self.adapter = build_adapter(config)
  File "/Utilisateurs/abellach/TopoBD/experiment/utils.py", line 99, in build_adapter
    adapter.setup()
  File "/Utilisateurs/abellach/TopoBD/datasets/adapter.py", line 116, in setup
    self.load_datasets()
  File "/Utilisateurs/abellach/TopoBD/datasets/cifar10.py", line 56, in load_datasets
    self._train_dataset = CIFAR10(
  File "/Utilisateurs/abellach/.conda/envs/toposentinel/lib/python3.10/site-packages/torchvision/datasets/cifar.py", line 66, in __init__
    self.download()
  File "/Utilisateurs/abellach/.conda/envs/toposentinel/lib/python3.10/site-packages/torchvision/datasets/cifar.py", line 140, in download
    download_and_extract_archive(self.url, self.root, filename=self.filename, md5=self.tgz_md5)
  File "/Utilisateurs/abellach/.conda/envs/toposentinel/lib/python3.10/site-packages/torchvision/datasets/utils.py", line 395, in download_and_extract_archive
    download_url(url, download_root, filename, md5)
  File "/Utilisateurs/abellach/.conda/envs/toposentinel/lib/python3.10/site-packages/torchvision/datasets/utils.py", line 111, in download_url
    os.makedirs(root, exist_ok=True)
  File "/Utilisateurs/abellach/.conda/envs/toposentinel/lib/python3.10/os.py", line 225, in makedirs
    mkdir(name, mode)
FileExistsError: [Errno 17] File exists: 'data'
17:24:22  INFO      topo_benchmark — ▶  cifar10_neurotoxin_toposentinel_seed6
17:24:22  INFO      experiment.runner — Initialising 'cifar10_neurotoxin_toposentinel_seed6' | device=cuda | rounds=240 | clients=10/100 | attack=neurotoxin | defense=toposentinel
17:24:22  ERROR     topo_benchmark — ✗  cifar10_neurotoxin_toposentinel_seed6 — [Errno 17] File exists: 'data'
Traceback (most recent call last):
  File "/Utilisateurs/abellach/TopoBD/experiments/benchmark/run_toposentinel.py", line 190, in run_one
    FLRunner(config).run()
  File "/Utilisateurs/abellach/TopoBD/experiment/runner.py", line 74, in __init__
    self.adapter = build_adapter(config)
  File "/Utilisateurs/abellach/TopoBD/experiment/utils.py", line 99, in build_adapter
    adapter.setup()
  File "/Utilisateurs/abellach/TopoBD/datasets/adapter.py", line 116, in setup
    self.load_datasets()
  File "/Utilisateurs/abellach/TopoBD/datasets/cifar10.py", line 56, in load_datasets
    self._train_dataset = CIFAR10(
  File "/Utilisateurs/abellach/.conda/envs/toposentinel/lib/python3.10/site-packages/torchvision/datasets/cifar.py", line 66, in __init__
    self.download()
  File "/Utilisateurs/abellach/.conda/envs/toposentinel/lib/python3.10/site-packages/torchvision/datasets/cifar.py", line 140, in download
    download_and_extract_archive(self.url, self.root, filename=self.filename, md5=self.tgz_md5)
  File "/Utilisateurs/abellach/.conda/envs/toposentinel/lib/python3.10/site-packages/torchvision/datasets/utils.py", line 395, in download_and_extract_archive
    download_url(url, download_root, filename, md5)
  File "/Utilisateurs/abellach/.conda/envs/toposentinel/lib/python3.10/site-packages/torchvision/datasets/utils.py", line 111, in download_url
    os.makedirs(root, exist_ok=True)
  File "/Utilisateurs/abellach/.conda/envs/toposentinel/lib/python3.10/os.py", line 225, in makedirs
    mkdir(name, mode)
FileExistsError: [Errno 17] File exists: 'data'
17:24:22  INFO      topo_benchmark — ▶  cifar10_neurotoxin_toposentinel_seed7
17:24:22  INFO      experiment.runner — Initialising 'cifar10_neurotoxin_toposentinel_seed7' | device=cuda | rounds=240 | clients=10/100 | attack=neurotoxin | defense=toposentinel
17:24:22  ERROR     topo_benchmark — ✗  cifar10_neurotoxin_toposentinel_seed7 — [Errno 17] File exists: 'data'
Traceback (most recent call last):
  File "/Utilisateurs/abellach/TopoBD/experiments/benchmark/run_toposentinel.py", line 190, in run_one
    FLRunner(config).run()
  File "/Utilisateurs/abellach/TopoBD/experiment/runner.py", line 74, in __init__
    self.adapter = build_adapter(config)
  File "/Utilisateurs/abellach/TopoBD/experiment/utils.py", line 99, in build_adapter
    adapter.setup()
  File "/Utilisateurs/abellach/TopoBD/datasets/adapter.py", line 116, in setup
    self.load_datasets()
  File "/Utilisateurs/abellach/TopoBD/datasets/cifar10.py", line 56, in load_datasets
    self._train_dataset = CIFAR10(
  File "/Utilisateurs/abellach/.conda/envs/toposentinel/lib/python3.10/site-packages/torchvision/datasets/cifar.py", line 66, in __init__
    self.download()
  File "/Utilisateurs/abellach/.conda/envs/toposentinel/lib/python3.10/site-packages/torchvision/datasets/cifar.py", line 140, in download
    download_and_extract_archive(self.url, self.root, filename=self.filename, md5=self.tgz_md5)
  File "/Utilisateurs/abellach/.conda/envs/toposentinel/lib/python3.10/site-packages/torchvision/datasets/utils.py", line 395, in download_and_extract_archive
    download_url(url, download_root, filename, md5)
  File "/Utilisateurs/abellach/.conda/envs/toposentinel/lib/python3.10/site-packages/torchvision/datasets/utils.py", line 111, in download_url
    os.makedirs(root, exist_ok=True)
  File "/Utilisateurs/abellach/.conda/envs/toposentinel/lib/python3.10/os.py", line 225, in makedirs
    mkdir(name, mode)
FileExistsError: [Errno 17] File exists: 'data'
17:24:22  INFO      topo_benchmark — ▶  cifar10_neurotoxin_toposentinel_seed8
17:24:22  INFO      experiment.runner — Initialising 'cifar10_neurotoxin_toposentinel_seed8' | device=cuda | rounds=240 | clients=10/100 | attack=neurotoxin | defense=toposentinel
17:24:22  ERROR     topo_benchmark — ✗  cifar10_neurotoxin_toposentinel_seed8 — [Errno 17] File exists: 'data'
Traceback (most recent call last):
  File "/Utilisateurs/abellach/TopoBD/experiments/benchmark/run_toposentinel.py", line 190, in run_one
    FLRunner(config).run()
  File "/Utilisateurs/abellach/TopoBD/experiment/runner.py", line 74, in __init__
    self.adapter = build_adapter(config)
  File "/Utilisateurs/abellach/TopoBD/experiment/utils.py", line 99, in build_adapter
    adapter.setup()
  File "/Utilisateurs/abellach/TopoBD/datasets/adapter.py", line 116, in setup
    self.load_datasets()
  File "/Utilisateurs/abellach/TopoBD/datasets/cifar10.py", line 56, in load_datasets
    self._train_dataset = CIFAR10(
  File "/Utilisateurs/abellach/.conda/envs/toposentinel/lib/python3.10/site-packages/torchvision/datasets/cifar.py", line 66, in __init__
    self.download()
  File "/Utilisateurs/abellach/.conda/envs/toposentinel/lib/python3.10/site-packages/torchvision/datasets/cifar.py", line 140, in download
    download_and_extract_archive(self.url, self.root, filename=self.filename, md5=self.tgz_md5)
  File "/Utilisateurs/abellach/.conda/envs/toposentinel/lib/python3.10/site-packages/torchvision/datasets/utils.py", line 395, in download_and_extract_archive
    download_url(url, download_root, filename, md5)
  File "/Utilisateurs/abellach/.conda/envs/toposentinel/lib/python3.10/site-packages/torchvision/datasets/utils.py", line 111, in download_url
    os.makedirs(root, exist_ok=True)
  File "/Utilisateurs/abellach/.conda/envs/toposentinel/lib/python3.10/os.py", line 225, in makedirs
    mkdir(name, mode)
FileExistsError: [Errno 17] File exists: 'data'
17:24:22  INFO      topo_benchmark — ▶  cifar10_neurotoxin_toposentinel_seed9
17:24:22  INFO      experiment.runner — Initialising 'cifar10_neurotoxin_toposentinel_seed9' | device=cuda | rounds=240 | clients=10/100 | attack=neurotoxin | defense=toposentinel
17:24:22  ERROR     topo_benchmark — ✗  cifar10_neurotoxin_toposentinel_seed9 — [Errno 17] File exists: 'data'
Traceback (most recent call last):
  File "/Utilisateurs/abellach/TopoBD/experiments/benchmark/run_toposentinel.py", line 190, in run_one
    FLRunner(config).run()
  File "/Utilisateurs/abellach/TopoBD/experiment/runner.py", line 74, in __init__
    self.adapter = build_adapter(config)
  File "/Utilisateurs/abellach/TopoBD/experiment/utils.py", line 99, in build_adapter
    adapter.setup()
  File "/Utilisateurs/abellach/TopoBD/datasets/adapter.py", line 116, in setup
    self.load_datasets()
  File "/Utilisateurs/abellach/TopoBD/datasets/cifar10.py", line 56, in load_datasets
    self._train_dataset = CIFAR10(
  File "/Utilisateurs/abellach/.conda/envs/toposentinel/lib/python3.10/site-packages/torchvision/datasets/cifar.py", line 66, in __init__
    self.download()
  File "/Utilisateurs/abellach/.conda/envs/toposentinel/lib/python3.10/site-packages/torchvision/datasets/cifar.py", line 140, in download
    download_and_extract_archive(self.url, self.root, filename=self.filename, md5=self.tgz_md5)
  File "/Utilisateurs/abellach/.conda/envs/toposentinel/lib/python3.10/site-packages/torchvision/datasets/utils.py", line 395, in download_and_extract_archive
    download_url(url, download_root, filename, md5)
  File "/Utilisateurs/abellach/.conda/envs/toposentinel/lib/python3.10/site-packages/torchvision/datasets/utils.py", line 111, in download_url
    os.makedirs(root, exist_ok=True)
  File "/Utilisateurs/abellach/.conda/envs/toposentinel/lib/python3.10/os.py", line 225, in makedirs
    mkdir(name, mode)
FileExistsError: [Errno 17] File exists: 'data'
17:24:22  INFO      topo_benchmark — ▶  cifar10_chameleon_toposentinel_seed0
17:24:22  INFO      experiment.runner — Initialising 'cifar10_chameleon_toposentinel_seed0' | device=cuda | rounds=240 | clients=10/100 | attack=chameleon | defense=toposentinel
17:24:22  ERROR     topo_benchmark — ✗  cifar10_chameleon_toposentinel_seed0 — [Errno 17] File exists: 'data'
Traceback (most recent call last):
  File "/Utilisateurs/abellach/TopoBD/experiments/benchmark/run_toposentinel.py", line 190, in run_one
    FLRunner(config).run()
  File "/Utilisateurs/abellach/TopoBD/experiment/runner.py", line 74, in __init__
    self.adapter = build_adapter(config)
  File "/Utilisateurs/abellach/TopoBD/experiment/utils.py", line 99, in build_adapter
    adapter.setup()
  File "/Utilisateurs/abellach/TopoBD/datasets/adapter.py", line 116, in setup
    self.load_datasets()
  File "/Utilisateurs/abellach/TopoBD/datasets/cifar10.py", line 56, in load_datasets
    self._train_dataset = CIFAR10(
  File "/Utilisateurs/abellach/.conda/envs/toposentinel/lib/python3.10/site-packages/torchvision/datasets/cifar.py", line 66, in __init__
    self.download()
  File "/Utilisateurs/abellach/.conda/envs/toposentinel/lib/python3.10/site-packages/torchvision/datasets/cifar.py", line 140, in download
    download_and_extract_archive(self.url, self.root, filename=self.filename, md5=self.tgz_md5)
  File "/Utilisateurs/abellach/.conda/envs/toposentinel/lib/python3.10/site-packages/torchvision/datasets/utils.py", line 395, in download_and_extract_archive
    download_url(url, download_root, filename, md5)
  File "/Utilisateurs/abellach/.conda/envs/toposentinel/lib/python3.10/site-packages/torchvision/datasets/utils.py", line 111, in download_url
    os.makedirs(root, exist_ok=True)
  File "/Utilisateurs/abellach/.conda/envs/toposentinel/lib/python3.10/os.py", line 225, in makedirs
    mkdir(name, mode)
FileExistsError: [Errno 17] File exists: 'data'
17:24:22  INFO      topo_benchmark — ▶  cifar10_chameleon_toposentinel_seed1
17:24:22  INFO      experiment.runner — Initialising 'cifar10_chameleon_toposentinel_seed1' | device=cuda | rounds=240 | clients=10/100 | attack=chameleon | defense=toposentinel
17:24:22  ERROR     topo_benchmark — ✗  cifar10_chameleon_toposentinel_seed1 — [Errno 17] File exists: 'data'
Traceback (most recent call last):
  File "/Utilisateurs/abellach/TopoBD/experiments/benchmark/run_toposentinel.py", line 190, in run_one
    FLRunner(config).run()
  File "/Utilisateurs/abellach/TopoBD/experiment/runner.py", line 74, in __init__
    self.adapter = build_adapter(config)
  File "/Utilisateurs/abellach/TopoBD/experiment/utils.py", line 99, in build_adapter
    adapter.setup()
  File "/Utilisateurs/abellach/TopoBD/datasets/adapter.py", line 116, in setup
    self.load_datasets()
  File "/Utilisateurs/abellach/TopoBD/datasets/cifar10.py", line 56, in load_datasets
    self._train_dataset = CIFAR10(
  File "/Utilisateurs/abellach/.conda/envs/toposentinel/lib/python3.10/site-packages/torchvision/datasets/cifar.py", line 66, in __init__
    self.download()
  File "/Utilisateurs/abellach/.conda/envs/toposentinel/lib/python3.10/site-packages/torchvision/datasets/cifar.py", line 140, in download
    download_and_extract_archive(self.url, self.root, filename=self.filename, md5=self.tgz_md5)
  File "/Utilisateurs/abellach/.conda/envs/toposentinel/lib/python3.10/site-packages/torchvision/datasets/utils.py", line 395, in download_and_extract_archive
    download_url(url, download_root, filename, md5)
  File "/Utilisateurs/abellach/.conda/envs/toposentinel/lib/python3.10/site-packages/torchvision/datasets/utils.py", line 111, in download_url
    os.makedirs(root, exist_ok=True)
  File "/Utilisateurs/abellach/.conda/envs/toposentinel/lib/python3.10/os.py", line 225, in makedirs
    mkdir(name, mode)
FileExistsError: [Errno 17] File exists: 'data'
17:24:22  INFO      topo_benchmark — ▶  cifar10_chameleon_toposentinel_seed2
17:24:22  INFO      experiment.runner — Initialising 'cifar10_chameleon_toposentinel_seed2' | device=cuda | rounds=240 | clients=10/100 | attack=chameleon | defense=toposentinel
17:24:22  ERROR     topo_benchmark — ✗  cifar10_chameleon_toposentinel_seed2 — [Errno 17] File exists: 'data'
Traceback (most recent call last):
  File "/Utilisateurs/abellach/TopoBD/experiments/benchmark/run_toposentinel.py", line 190, in run_one
    FLRunner(config).run()
  File "/Utilisateurs/abellach/TopoBD/experiment/runner.py", line 74, in __init__
    self.adapter = build_adapter(config)
  File "/Utilisateurs/abellach/TopoBD/experiment/utils.py", line 99, in build_adapter
    adapter.setup()
  File "/Utilisateurs/abellach/TopoBD/datasets/adapter.py", line 116, in setup
    self.load_datasets()
  File "/Utilisateurs/abellach/TopoBD/datasets/cifar10.py", line 56, in load_datasets
    self._train_dataset = CIFAR10(
  File "/Utilisateurs/abellach/.conda/envs/toposentinel/lib/python3.10/site-packages/torchvision/datasets/cifar.py", line 66, in __init__
    self.download()
  File "/Utilisateurs/abellach/.conda/envs/toposentinel/lib/python3.10/site-packages/torchvision/datasets/cifar.py", line 140, in download
    download_and_extract_archive(self.url, self.root, filename=self.filename, md5=self.tgz_md5)
  File "/Utilisateurs/abellach/.conda/envs/toposentinel/lib/python3.10/site-packages/torchvision/datasets/utils.py", line 395, in download_and_extract_archive
    download_url(url, download_root, filename, md5)
  File "/Utilisateurs/abellach/.conda/envs/toposentinel/lib/python3.10/site-packages/torchvision/datasets/utils.py", line 111, in download_url
    os.makedirs(root, exist_ok=True)
  File "/Utilisateurs/abellach/.conda/envs/toposentinel/lib/python3.10/os.py", line 225, in makedirs
    mkdir(name, mode)
FileExistsError: [Errno 17] File exists: 'data'
17:24:22  INFO      topo_benchmark — ▶  cifar10_chameleon_toposentinel_seed3
17:24:22  INFO      experiment.runner — Initialising 'cifar10_chameleon_toposentinel_seed3' | device=cuda | rounds=240 | clients=10/100 | attack=chameleon | defense=toposentinel
17:24:22  ERROR     topo_benchmark — ✗  cifar10_chameleon_toposentinel_seed3 — [Errno 17] File exists: 'data'
Traceback (most recent call last):
  File "/Utilisateurs/abellach/TopoBD/experiments/benchmark/run_toposentinel.py", line 190, in run_one
    FLRunner(config).run()
  File "/Utilisateurs/abellach/TopoBD/experiment/runner.py", line 74, in __init__
    self.adapter = build_adapter(config)
  File "/Utilisateurs/abellach/TopoBD/experiment/utils.py", line 99, in build_adapter
    adapter.setup()
  File "/Utilisateurs/abellach/TopoBD/datasets/adapter.py", line 116, in setup
    self.load_datasets()
  File "/Utilisateurs/abellach/TopoBD/datasets/cifar10.py", line 56, in load_datasets
    self._train_dataset = CIFAR10(
  File "/Utilisateurs/abellach/.conda/envs/toposentinel/lib/python3.10/site-packages/torchvision/datasets/cifar.py", line 66, in __init__
    self.download()
  File "/Utilisateurs/abellach/.conda/envs/toposentinel/lib/python3.10/site-packages/torchvision/datasets/cifar.py", line 140, in download
    download_and_extract_archive(self.url, self.root, filename=self.filename, md5=self.tgz_md5)
  File "/Utilisateurs/abellach/.conda/envs/toposentinel/lib/python3.10/site-packages/torchvision/datasets/utils.py", line 395, in download_and_extract_archive
    download_url(url, download_root, filename, md5)
  File "/Utilisateurs/abellach/.conda/envs/toposentinel/lib/python3.10/site-packages/torchvision/datasets/utils.py", line 111, in download_url
    os.makedirs(root, exist_ok=True)
  File "/Utilisateurs/abellach/.conda/envs/toposentinel/lib/python3.10/os.py", line 225, in makedirs
    mkdir(name, mode)
FileExistsError: [Errno 17] File exists: 'data'
17:24:22  INFO      topo_benchmark — ▶  cifar10_chameleon_toposentinel_seed4
17:24:22  INFO      experiment.runner — Initialising 'cifar10_chameleon_toposentinel_seed4' | device=cuda | rounds=240 | clients=10/100 | attack=chameleon | defense=toposentinel
17:24:22  ERROR     topo_benchmark — ✗  cifar10_chameleon_toposentinel_seed4 — [Errno 17] File exists: 'data'
Traceback (most recent call last):
  File "/Utilisateurs/abellach/TopoBD/experiments/benchmark/run_toposentinel.py", line 190, in run_one
    FLRunner(config).run()
  File "/Utilisateurs/abellach/TopoBD/experiment/runner.py", line 74, in __init__
    self.adapter = build_adapter(config)
  File "/Utilisateurs/abellach/TopoBD/experiment/utils.py", line 99, in build_adapter
    adapter.setup()
  File "/Utilisateurs/abellach/TopoBD/datasets/adapter.py", line 116, in setup
    self.load_datasets()
  File "/Utilisateurs/abellach/TopoBD/datasets/cifar10.py", line 56, in load_datasets
    self._train_dataset = CIFAR10(
  File "/Utilisateurs/abellach/.conda/envs/toposentinel/lib/python3.10/site-packages/torchvision/datasets/cifar.py", line 66, in __init__
    self.download()
  File "/Utilisateurs/abellach/.conda/envs/toposentinel/lib/python3.10/site-packages/torchvision/datasets/cifar.py", line 140, in download
    download_and_extract_archive(self.url, self.root, filename=self.filename, md5=self.tgz_md5)
  File "/Utilisateurs/abellach/.conda/envs/toposentinel/lib/python3.10/site-packages/torchvision/datasets/utils.py", line 395, in download_and_extract_archive
    download_url(url, download_root, filename, md5)
  File "/Utilisateurs/abellach/.conda/envs/toposentinel/lib/python3.10/site-packages/torchvision/datasets/utils.py", line 111, in download_url
    os.makedirs(root, exist_ok=True)
  File "/Utilisateurs/abellach/.conda/envs/toposentinel/lib/python3.10/os.py", line 225, in makedirs
    mkdir(name, mode)
FileExistsError: [Errno 17] File exists: 'data'
17:24:22  INFO      topo_benchmark — ▶  cifar10_chameleon_toposentinel_seed5
17:24:22  INFO      experiment.runner — Initialising 'cifar10_chameleon_toposentinel_seed5' | device=cuda | rounds=240 | clients=10/100 | attack=chameleon | defense=toposentinel
17:24:22  ERROR     topo_benchmark — ✗  cifar10_chameleon_toposentinel_seed5 — [Errno 17] File exists: 'data'
Traceback (most recent call last):
  File "/Utilisateurs/abellach/TopoBD/experiments/benchmark/run_toposentinel.py", line 190, in run_one
    FLRunner(config).run()
  File "/Utilisateurs/abellach/TopoBD/experiment/runner.py", line 74, in __init__
    self.adapter = build_adapter(config)
  File "/Utilisateurs/abellach/TopoBD/experiment/utils.py", line 99, in build_adapter
    adapter.setup()
  File "/Utilisateurs/abellach/TopoBD/datasets/adapter.py", line 116, in setup
    self.load_datasets()
  File "/Utilisateurs/abellach/TopoBD/datasets/cifar10.py", line 56, in load_datasets
    self._train_dataset = CIFAR10(
  File "/Utilisateurs/abellach/.conda/envs/toposentinel/lib/python3.10/site-packages/torchvision/datasets/cifar.py", line 66, in __init__
    self.download()
  File "/Utilisateurs/abellach/.conda/envs/toposentinel/lib/python3.10/site-packages/torchvision/datasets/cifar.py", line 140, in download
    download_and_extract_archive(self.url, self.root, filename=self.filename, md5=self.tgz_md5)
  File "/Utilisateurs/abellach/.conda/envs/toposentinel/lib/python3.10/site-packages/torchvision/datasets/utils.py", line 395, in download_and_extract_archive
    download_url(url, download_root, filename, md5)
  File "/Utilisateurs/abellach/.conda/envs/toposentinel/lib/python3.10/site-packages/torchvision/datasets/utils.py", line 111, in download_url
    os.makedirs(root, exist_ok=True)
  File "/Utilisateurs/abellach/.conda/envs/toposentinel/lib/python3.10/os.py", line 225, in makedirs
    mkdir(name, mode)
FileExistsError: [Errno 17] File exists: 'data'
17:24:22  INFO      topo_benchmark — ▶  cifar10_chameleon_toposentinel_seed6
17:24:22  INFO      experiment.runner — Initialising 'cifar10_chameleon_toposentinel_seed6' | device=cuda | rounds=240 | clients=10/100 | attack=chameleon | defense=toposentinel
17:24:22  ERROR     topo_benchmark — ✗  cifar10_chameleon_toposentinel_seed6 — [Errno 17] File exists: 'data'
Traceback (most recent call last):
  File "/Utilisateurs/abellach/TopoBD/experiments/benchmark/run_toposentinel.py", line 190, in run_one
    FLRunner(config).run()
  File "/Utilisateurs/abellach/TopoBD/experiment/runner.py", line 74, in __init__
    self.adapter = build_adapter(config)
  File "/Utilisateurs/abellach/TopoBD/experiment/utils.py", line 99, in build_adapter
    adapter.setup()
  File "/Utilisateurs/abellach/TopoBD/datasets/adapter.py", line 116, in setup
    self.load_datasets()
  File "/Utilisateurs/abellach/TopoBD/datasets/cifar10.py", line 56, in load_datasets
    self._train_dataset = CIFAR10(
  File "/Utilisateurs/abellach/.conda/envs/toposentinel/lib/python3.10/site-packages/torchvision/datasets/cifar.py", line 66, in __init__
    self.download()
  File "/Utilisateurs/abellach/.conda/envs/toposentinel/lib/python3.10/site-packages/torchvision/datasets/cifar.py", line 140, in download
    download_and_extract_archive(self.url, self.root, filename=self.filename, md5=self.tgz_md5)
  File "/Utilisateurs/abellach/.conda/envs/toposentinel/lib/python3.10/site-packages/torchvision/datasets/utils.py", line 395, in download_and_extract_archive
    download_url(url, download_root, filename, md5)
  File "/Utilisateurs/abellach/.conda/envs/toposentinel/lib/python3.10/site-packages/torchvision/datasets/utils.py", line 111, in download_url
    os.makedirs(root, exist_ok=True)
  File "/Utilisateurs/abellach/.conda/envs/toposentinel/lib/python3.10/os.py", line 225, in makedirs
    mkdir(name, mode)
FileExistsError: [Errno 17] File exists: 'data'
17:24:22  INFO      topo_benchmark — ▶  cifar10_chameleon_toposentinel_seed7
17:24:22  INFO      experiment.runner — Initialising 'cifar10_chameleon_toposentinel_seed7' | device=cuda | rounds=240 | clients=10/100 | attack=chameleon | defense=toposentinel
17:24:22  ERROR     topo_benchmark — ✗  cifar10_chameleon_toposentinel_seed7 — [Errno 17] File exists: 'data'
Traceback (most recent call last):
  File "/Utilisateurs/abellach/TopoBD/experiments/benchmark/run_toposentinel.py", line 190, in run_one
    FLRunner(config).run()
  File "/Utilisateurs/abellach/TopoBD/experiment/runner.py", line 74, in __init__
    self.adapter = build_adapter(config)
  File "/Utilisateurs/abellach/TopoBD/experiment/utils.py", line 99, in build_adapter
    adapter.setup()
  File "/Utilisateurs/abellach/TopoBD/datasets/adapter.py", line 116, in setup
    self.load_datasets()
  File "/Utilisateurs/abellach/TopoBD/datasets/cifar10.py", line 56, in load_datasets
    self._train_dataset = CIFAR10(
  File "/Utilisateurs/abellach/.conda/envs/toposentinel/lib/python3.10/site-packages/torchvision/datasets/cifar.py", line 66, in __init__
    self.download()
  File "/Utilisateurs/abellach/.conda/envs/toposentinel/lib/python3.10/site-packages/torchvision/datasets/cifar.py", line 140, in download
    download_and_extract_archive(self.url, self.root, filename=self.filename, md5=self.tgz_md5)
  File "/Utilisateurs/abellach/.conda/envs/toposentinel/lib/python3.10/site-packages/torchvision/datasets/utils.py", line 395, in download_and_extract_archive
    download_url(url, download_root, filename, md5)
  File "/Utilisateurs/abellach/.conda/envs/toposentinel/lib/python3.10/site-packages/torchvision/datasets/utils.py", line 111, in download_url
    os.makedirs(root, exist_ok=True)
  File "/Utilisateurs/abellach/.conda/envs/toposentinel/lib/python3.10/os.py", line 225, in makedirs
    mkdir(name, mode)
FileExistsError: [Errno 17] File exists: 'data'
17:24:22  INFO      topo_benchmark — ▶  cifar10_chameleon_toposentinel_seed8
17:24:22  INFO      experiment.runner — Initialising 'cifar10_chameleon_toposentinel_seed8' | device=cuda | rounds=240 | clients=10/100 | attack=chameleon | defense=toposentinel
17:24:22  ERROR     topo_benchmark — ✗  cifar10_chameleon_toposentinel_seed8 — [Errno 17] File exists: 'data'
Traceback (most recent call last):
  File "/Utilisateurs/abellach/TopoBD/experiments/benchmark/run_toposentinel.py", line 190, in run_one
    FLRunner(config).run()
  File "/Utilisateurs/abellach/TopoBD/experiment/runner.py", line 74, in __init__
    self.adapter = build_adapter(config)
  File "/Utilisateurs/abellach/TopoBD/experiment/utils.py", line 99, in build_adapter
    adapter.setup()
  File "/Utilisateurs/abellach/TopoBD/datasets/adapter.py", line 116, in setup
    self.load_datasets()
  File "/Utilisateurs/abellach/TopoBD/datasets/cifar10.py", line 56, in load_datasets
    self._train_dataset = CIFAR10(
  File "/Utilisateurs/abellach/.conda/envs/toposentinel/lib/python3.10/site-packages/torchvision/datasets/cifar.py", line 66, in __init__
    self.download()
  File "/Utilisateurs/abellach/.conda/envs/toposentinel/lib/python3.10/site-packages/torchvision/datasets/cifar.py", line 140, in download
    download_and_extract_archive(self.url, self.root, filename=self.filename, md5=self.tgz_md5)
  File "/Utilisateurs/abellach/.conda/envs/toposentinel/lib/python3.10/site-packages/torchvision/datasets/utils.py", line 395, in download_and_extract_archive
    download_url(url, download_root, filename, md5)
  File "/Utilisateurs/abellach/.conda/envs/toposentinel/lib/python3.10/site-packages/torchvision/datasets/utils.py", line 111, in download_url
    os.makedirs(root, exist_ok=True)
  File "/Utilisateurs/abellach/.conda/envs/toposentinel/lib/python3.10/os.py", line 225, in makedirs
    mkdir(name, mode)
FileExistsError: [Errno 17] File exists: 'data'
17:24:22  INFO      topo_benchmark — ▶  cifar10_chameleon_toposentinel_seed9
17:24:22  INFO      experiment.runner — Initialising 'cifar10_chameleon_toposentinel_seed9' | device=cuda | rounds=240 | clients=10/100 | attack=chameleon | defense=toposentinel
17:24:22  ERROR     topo_benchmark — ✗  cifar10_chameleon_toposentinel_seed9 — [Errno 17] File exists: 'data'
Traceback (most recent call last):
  File "/Utilisateurs/abellach/TopoBD/experiments/benchmark/run_toposentinel.py", line 190, in run_one
    FLRunner(config).run()
  File "/Utilisateurs/abellach/TopoBD/experiment/runner.py", line 74, in __init__
    self.adapter = build_adapter(config)
  File "/Utilisateurs/abellach/TopoBD/experiment/utils.py", line 99, in build_adapter
    adapter.setup()
  File "/Utilisateurs/abellach/TopoBD/datasets/adapter.py", line 116, in setup
    self.load_datasets()
  File "/Utilisateurs/abellach/TopoBD/datasets/cifar10.py", line 56, in load_datasets
    self._train_dataset = CIFAR10(
  File "/Utilisateurs/abellach/.conda/envs/toposentinel/lib/python3.10/site-packages/torchvision/datasets/cifar.py", line 66, in __init__
    self.download()
  File "/Utilisateurs/abellach/.conda/envs/toposentinel/lib/python3.10/site-packages/torchvision/datasets/cifar.py", line 140, in download
    download_and_extract_archive(self.url, self.root, filename=self.filename, md5=self.tgz_md5)
  File "/Utilisateurs/abellach/.conda/envs/toposentinel/lib/python3.10/site-packages/torchvision/datasets/utils.py", line 395, in download_and_extract_archive
    download_url(url, download_root, filename, md5)
  File "/Utilisateurs/abellach/.conda/envs/toposentinel/lib/python3.10/site-packages/torchvision/datasets/utils.py", line 111, in download_url
    os.makedirs(root, exist_ok=True)
  File "/Utilisateurs/abellach/.conda/envs/toposentinel/lib/python3.10/os.py", line 225, in makedirs
    mkdir(name, mode)
FileExistsError: [Errno 17] File exists: 'data'
17:24:22  INFO      topo_benchmark — Training done — 40 new runs  (40 failed).
17:24:22  INFO      topo_benchmark — Generating summary CSV …
17:24:22  INFO      topo_benchmark — Summary → results/toposentinel_summary.csv  (0 rows)
